// Jest Snapshot v1, https://goo.gl/fbAQLP

exports[`Profile Component should match with snapshot 1`] = `
<aside
  className="main__profile-component"
>
  <h2
    className="wrapper"
  >
    Your information
  </h2>
  <div>
    
    <img
      alt="your avatar"
      className="profile-img"
      src="https://image.flaticon.com/icons/svg/843/843260.svg"
    />
    <h3
      className="main__profile-component--title"
    >
      Preferences
    </h3>
    <ul
      className="profile--preferences"
    >
      <li>
        <p>
          Balanced
        </p>
        <img
          alt="icon preference"
          className="preferences__icon preference__balanced"
          src="https://image.flaticon.com/icons/png/512/30/30636.png"
        />
      </li>
      <li>
        <p>
          High Protein
        </p>
        <img
          alt="icon preference"
          className="preferences__icon"
          src="https://icon-library.com/images/protein-icon/protein-icon-0.jpg"
        />
      </li>
      <li>
        <p>
          Low Fat
        </p>
        <img
          alt="icon preference"
          className="preferences__icon"
          src="https://www.pinclipart.com/picdir/big/150-1505070_low-fat-or-low-carb-icon-clipart.png"
        />
      </li>
      <li>
        <p>
          Low Carb
        </p>
        <img
          alt="icon preference"
          className="preferences__icon"
          src="https://cdn2.iconfinder.com/data/icons/organic-food-1/24/Low_Carb-512.png"
        />
      </li>
      <li>
        <p>
          Vegan
        </p>
        <img
          alt="icon preference"
          className="preferences__icon"
          src="https://upload.wikimedia.org/wikipedia/commons/thumb/5/5b/Vegan_friendly_icon.svg/900px-Vegan_friendly_icon.svg.png"
        />
      </li>
      <li>
        <p>
          Vegetarian
        </p>
        <img
          alt="icon preference"
          className="preferences__icon"
          src="https://img.icons8.com/plasticine/100/000000/vegetarian-food.png"
        />
      </li>
      <li>
        <p>
          Sugar Conscious
        </p>
        <img
          alt="icon preference"
          className="preferences__icon"
          src="https://www.footys.co.za/images/icon-sugar.png"
        />
      </li>
      <li>
        <p>
          Peanut Free
        </p>
        <img
          alt="icon preference"
          className="preferences__icon preference__peanut-free"
          src="https://cdn0.iconfinder.com/data/icons/food-product-labels/128/peanut-free-512.png"
        />
      </li>
      <li>
        <p>
          Tree Nut Free
        </p>
        <img
          alt="icon preference"
          className="preferences__icon preference__tree-nut-free"
          src="https://cdn3.iconfinder.com/data/icons/food-allergens-3/77/allergens-tree-nut-free-512.png"
        />
      </li>
      <li>
        <p>
          Alcohol-Free
        </p>
        <img
          alt="icon preference"
          className="preferences__icon preference__alcohol-free"
          src="https://cdn3.iconfinder.com/data/icons/food-allergens-3/77/allergens-alcohol-free-512.png"
        />
      </li>
    </ul>
  </div>
</aside>
`;
