// Jest Snapshot v1, https://goo.gl/fbAQLP

exports[`Signup component snapshot should match 1`] = `
<div>
  <h3>
    Sign up and enjoy tendering:
  </h3>
  <div
    className="signUp"
  >
    <form
      action=""
      className="signUpForm"
      method="POST"
    >
      <div
        className="formBody"
      >
        <div
          className="formSection"
        >
          <div
            className="form-group"
          >
            <label
              htmlFor="username"
            >
              User name
            </label>
            <input
              className="form-control"
              id="username"
              name="username"
              onChange={[Function]}
              placeholder="your full name"
              required={true}
              type="text"
              value=""
            />
          </div>
          <div
            className="form-group"
          >
            <label
              htmlFor="password"
            >
              Password
            </label>
            <input
              className="form-control"
              id="password"
              maxLength="32"
              minlenght="8"
              name="password"
              onChange={[Function]}
              placeholder="password"
              required={true}
              type="password"
              value=""
            />
          </div>
          <div
            className="form-group"
          >
            <label
              htmlFor="passwordConfirm"
            >
              Confirm password
            </label>
            <input
              className="form-control"
              id="passwordConfirm"
              maxLength="32"
              minlenght="8"
              name="passwordConfirm"
              onChange={[Function]}
              placeholder="password confirmation"
              required={true}
              type="password"
              value=""
            />
          </div>
        </div>
        <div
          className="formSection"
        >
          <div
            className="form-group"
          >
            <label
              htmlFor="email"
            >
              Email
            </label>
            <input
              className="form-control"
              id="email"
              name="email"
              onChange={[Function]}
              placeholder="email"
              required={true}
              type="email"
              value=""
            />
          </div>
          <div
            className="form-group"
          >
            <label
              htmlFor="organization"
            >
              Organization
            </label>
            <input
              className="form-control"
              id="organization"
              name="organization"
              onChange={[Function]}
              placeholder="organization"
              required={true}
              type="text"
              value=""
            />
          </div>
          <div
            className="form-group"
          >
            <label
              htmlFor="role"
            >
              Role in the organization
            </label>
            <input
              className="form-control"
              id="role"
              name="role"
              onChange={[Function]}
              placeholder="role"
              required={true}
              type="text"
              value=""
            />
          </div>
        </div>
      </div>
      <button
        className="btn btn-default btn-centered"
        type="submit"
      >
        Register
      </button>
    </form>
  </div>
</div>
`;
