// Jest Snapshot v1, https://goo.gl/fbAQLP

exports[`Alert Form snapshot should match 1`] = `
<div
  className="alertForm__container"
>
  <form
    className="alert__inputs__form"
    onSubmit={[Function]}
  >
    <div
      className="additional__section"
    >
      <img
        alt="find banner"
        className="additional__section__img"
        src="https://i.pinimg.com/564x/ed/a1/b6/eda1b604d8419a3b261e19c342f899dc.jpg"
      />
      <div
        className="info__section"
      >
        <p>
          Create your new alert!
          <br />
          <br />
          Fill all the fields as most exactly possible, and make the best description you can of your lost pet. Think that the small details makes the difference!!
        </p>
      </div>
    </div>
    <div
      className="elements__section"
    >
      <div
        className="form__input__container"
      >
        <label>
          Name
        </label>
        <div
          className="field"
        >
          <input
            className="form__input"
            name="name"
            onChange={[Function]}
            type="text"
            value=""
          />
        </div>
        
      </div>
      <div
        className="form__input__container"
      >
        <label>
          Image
        </label>
        <div
          className="field"
        >
          <input
            className="form__input"
            name="image"
            onChange={[Function]}
            type="text"
            value=""
          />
        </div>
        
      </div>
      <div
        className="classic__input__container"
      >
        <label
          className="form__label"
        >
          Type
          <br />
        </label>
        <select
          className="form__input"
          name="animal"
          onChange={[Function]}
          required={true}
        >
          <option
            value=""
          >
            Select
          </option>
          <option
            value="dog"
          >
            Dog
          </option>
          <option
            value="cat"
          >
            Cat
          </option>
          <option
            value="bird"
          >
            Bird
          </option>
          <option
            value="rabbit"
          >
            Rabbit
          </option>
          <option
            value="horse"
          >
            Horse
          </option>
          <option
            value="bird"
          >
            Duck
          </option>
          <option
            value="bird"
          >
            Ferret
          </option>
          <option
            value="bird"
          >
            Rodents
          </option>
          <option
            value="bird"
          >
            Reptile
          </option>
        </select>
      </div>
      <div
        className="form__input__container"
      >
        <label>
          Breed
        </label>
        <div
          className="field"
        >
          <input
            className="form__input"
            name="breed"
            onChange={[Function]}
            type="text"
            value=""
          />
        </div>
        
      </div>
      <div
        className="form__input__container"
      >
        <label>
          Gender
        </label>
        <div
          className="field"
        >
          <input
            className="form__input"
            name="gender"
            onChange={[Function]}
            type="text"
            value=""
          />
        </div>
        
      </div>
      <div
        className="classic__input__container"
      >
        <label
          className="form__label"
        >
          Weight
          <br />
        </label>
        <input
          className="form__input"
          name="weight"
          onChange={[Function]}
          required={true}
          type="number"
          value=""
        />
      </div>
      <div
        className="classic__input__container"
      >
        <label
          className="form__label"
        >
          Date
          <br />
        </label>
        <input
          className="form__input"
          name="date"
          onChange={[Function]}
          required={true}
          type="date"
          value=""
        />
      </div>
      <div
        className="form__input__container"
      >
        <label>
          Description
        </label>
        <div
          className="field"
        >
          <input
            className="form__input"
            name="description"
            onChange={[Function]}
            type="text"
            value=""
          />
        </div>
        
      </div>
      <div
        className="form__input__container"
      >
        <label>
          Location
        </label>
        <div
          className="field"
        >
          <input
            className="form__input"
            name="location"
            onChange={[Function]}
            type="text"
            value=""
          />
        </div>
        
      </div>
      <div
        className="form__input__container"
      >
        <label>
          City
        </label>
        <div
          className="field"
        >
          <input
            className="form__input"
            name="city"
            onChange={[Function]}
            type="text"
            value=""
          />
        </div>
        
      </div>
      <div
        className="classic__input__container"
      >
        <input
          className="form__button"
          type="submit"
          value="Create alert"
        />
      </div>
    </div>
  </form>
</div>
`;
