// Jest Snapshot v1, https://goo.gl/fbAQLP

exports[`Alert List snapshot should match 1`] = `
<div
  className="container"
>
  <div
    className="main__list__info"
  >
    <div
      className="banner__container"
    >
      <h2>
        Lost animal list
      </h2>
      <img
        alt="header logo"
        src="https://i.pinimg.com/564x/2c/72/f5/2c72f5115d9af40b1bf5e2226944ad65.jpg"
      />
    </div>
    <p>
      Following you have the complete list of the alerts published by users. If you want to know more details about the alerts, select one and you could see the main information about it, such as the location or others.
    </p>
  </div>
  <ul
    className="list__container"
  />
</div>
`;
