// Jest Snapshot v1, https://goo.gl/fbAQLP

exports[`CategorySlider snapshot should match 1`] = `
<div
  style={
    Object {
      "display": "flex",
      "flexDirection": "column",
      "marginBottom": "60px",
      "marginTop": "80px",
    }
  }
>
  <div
    className="MuiPaper-root MuiMobileStepper-root MuiMobileStepper-positionStatic makeStyles-root-1 MuiPaper-elevation0"
  >
    <button
      className="MuiButtonBase-root MuiButton-root MuiButton-text MuiButton-textSizeSmall MuiButton-sizeSmall Mui-disabled Mui-disabled"
      disabled={true}
      onBlur={[Function]}
      onClick={[Function]}
      onDragLeave={[Function]}
      onFocus={[Function]}
      onKeyDown={[Function]}
      onKeyUp={[Function]}
      onMouseDown={[Function]}
      onMouseLeave={[Function]}
      onMouseUp={[Function]}
      onTouchEnd={[Function]}
      onTouchMove={[Function]}
      onTouchStart={[Function]}
      tabIndex={-1}
      type="button"
    >
      <span
        className="MuiButton-label"
      >
        <svg
          aria-hidden={true}
          className="MuiSvgIcon-root"
          focusable="false"
          viewBox="0 0 24 24"
        >
          <path
            d="M15.41 16.59L10.83 12l4.58-4.59L14 6l-6 6 6 6 1.41-1.41z"
          />
        </svg>
        Back
      </span>
    </button>
    <div
      aria-valuemax={100}
      aria-valuemin={0}
      aria-valuenow={0}
      className="MuiLinearProgress-root MuiLinearProgress-colorPrimary MuiMobileStepper-progress MuiLinearProgress-determinate"
      role="progressbar"
    >
      <div
        className="MuiLinearProgress-bar MuiLinearProgress-barColorPrimary MuiLinearProgress-bar1Determinate"
        style={
          Object {
            "transform": "translateX(-100%)",
          }
        }
      />
    </div>
    <button
      className="MuiButtonBase-root MuiButton-root MuiButton-text MuiButton-textSizeSmall MuiButton-sizeSmall"
      disabled={false}
      onBlur={[Function]}
      onClick={[Function]}
      onDragLeave={[Function]}
      onFocus={[Function]}
      onKeyDown={[Function]}
      onKeyUp={[Function]}
      onMouseDown={[Function]}
      onMouseLeave={[Function]}
      onMouseUp={[Function]}
      onTouchEnd={[Function]}
      onTouchMove={[Function]}
      onTouchStart={[Function]}
      tabIndex={0}
      type="button"
    >
      <span
        className="MuiButton-label"
      >
        Next
        <svg
          aria-hidden={true}
          className="MuiSvgIcon-root"
          focusable="false"
          viewBox="0 0 24 24"
        >
          <path
            d="M8.59 16.59L13.17 12 8.59 7.41 10 6l6 6-6 6-1.41-1.41z"
          />
        </svg>
      </span>
    </button>
  </div>
  <div>
    Loading...
  </div>
</div>
`;
