// Jest Snapshot v1, https://goo.gl/fbAQLP

exports[`registerUser snapshot should match 1`] = `
<form
  autoComplete="off"
  className="makeStyles-root-1"
  noValidate={true}
>
  <div
    style={
      Object {
        "display": "flex",
        "flexDirection": "column",
        "marginBottom": "60px",
        "marginTop": "80px",
        "textAlign": "center",
      }
    }
  >
    <div
      className="MuiContainer-root MuiContainer-maxWidthXs"
    >
      <h2>
        Crea tu cuenta
      </h2>
      <div
        className="MuiFormControl-root MuiTextField-root"
      >
        <label
          className="MuiFormLabel-root MuiInputLabel-root MuiInputLabel-formControl MuiInputLabel-animated MuiInputLabel-outlined Mui-error Mui-error"
          data-shrink={false}
          htmlFor="outlined-name"
          id="outlined-name-label"
        >
          Nombre
        </label>
        <div
          className="MuiInputBase-root MuiOutlinedInput-root Mui-error Mui-error MuiInputBase-formControl"
          onClick={[Function]}
        >
          <input
            aria-invalid={true}
            autoFocus={false}
            className="MuiInputBase-input MuiOutlinedInput-input"
            disabled={false}
            id="outlined-name"
            onAnimationStart={[Function]}
            onBlur={[Function]}
            onChange={[Function]}
            onFocus={[Function]}
            required={false}
            type="text"
            value=""
          />
          <fieldset
            aria-hidden={true}
            className="PrivateNotchedOutline-root-2 MuiOutlinedInput-notchedOutline"
          >
            <legend
              className="PrivateNotchedOutline-legendLabelled-4"
            >
              <span>
                Nombre
              </span>
            </legend>
          </fieldset>
        </div>
      </div>
      <div
        className="MuiFormControl-root MuiTextField-root"
      >
        <label
          className="MuiFormLabel-root MuiInputLabel-root MuiInputLabel-formControl MuiInputLabel-animated MuiInputLabel-outlined Mui-error Mui-error"
          data-shrink={false}
          htmlFor="outlined-email"
          id="outlined-email-label"
        >
          e-mail
        </label>
        <div
          className="MuiInputBase-root MuiOutlinedInput-root Mui-error Mui-error MuiInputBase-formControl"
          onClick={[Function]}
        >
          <input
            aria-invalid={true}
            autoFocus={false}
            className="MuiInputBase-input MuiOutlinedInput-input"
            disabled={false}
            id="outlined-email"
            onAnimationStart={[Function]}
            onBlur={[Function]}
            onChange={[Function]}
            onFocus={[Function]}
            required={false}
            type="text"
            value=""
          />
          <fieldset
            aria-hidden={true}
            className="PrivateNotchedOutline-root-2 MuiOutlinedInput-notchedOutline"
          >
            <legend
              className="PrivateNotchedOutline-legendLabelled-4"
            >
              <span>
                e-mail
              </span>
            </legend>
          </fieldset>
        </div>
      </div>
      <div
        className="MuiFormControl-root MuiTextField-root"
      >
        <label
          className="MuiFormLabel-root MuiInputLabel-root MuiInputLabel-formControl MuiInputLabel-animated MuiInputLabel-outlined Mui-error Mui-error"
          data-shrink={false}
          htmlFor="outlined-ubicacion"
          id="outlined-ubicacion-label"
        >
          Password
        </label>
        <div
          className="MuiInputBase-root MuiOutlinedInput-root Mui-error Mui-error MuiInputBase-formControl"
          onClick={[Function]}
        >
          <input
            aria-invalid={true}
            autoFocus={false}
            className="MuiInputBase-input MuiOutlinedInput-input"
            disabled={false}
            id="outlined-ubicacion"
            onAnimationStart={[Function]}
            onBlur={[Function]}
            onChange={[Function]}
            onFocus={[Function]}
            required={false}
            type="password"
            value=""
          />
          <fieldset
            aria-hidden={true}
            className="PrivateNotchedOutline-root-2 MuiOutlinedInput-notchedOutline"
          >
            <legend
              className="PrivateNotchedOutline-legendLabelled-4"
            >
              <span>
                Password
              </span>
            </legend>
          </fieldset>
        </div>
      </div>
      <div
        className="MuiFormControl-root MuiTextField-root"
      >
        <label
          className="MuiFormLabel-root MuiInputLabel-root MuiInputLabel-formControl MuiInputLabel-animated MuiInputLabel-outlined"
          data-shrink={false}
          htmlFor="outlined-ubicacion"
          id="outlined-ubicacion-label"
        >
          Confirme el Password
        </label>
        <div
          className="MuiInputBase-root MuiOutlinedInput-root MuiInputBase-formControl"
          onClick={[Function]}
        >
          <input
            aria-invalid={false}
            autoFocus={false}
            className="MuiInputBase-input MuiOutlinedInput-input"
            disabled={false}
            id="outlined-ubicacion"
            onAnimationStart={[Function]}
            onBlur={[Function]}
            onChange={[Function]}
            onFocus={[Function]}
            required={false}
            type="password"
            value=""
          />
          <fieldset
            aria-hidden={true}
            className="PrivateNotchedOutline-root-2 MuiOutlinedInput-notchedOutline"
          >
            <legend
              className="PrivateNotchedOutline-legendLabelled-4"
            >
              <span>
                Confirme el Password
              </span>
            </legend>
          </fieldset>
        </div>
      </div>
      <div>
        <button
          className="MuiButtonBase-root MuiButton-root MuiButton-contained MuiButton-containedPrimary"
          disabled={false}
          onBlur={[Function]}
          onClick={[Function]}
          onDragLeave={[Function]}
          onFocus={[Function]}
          onKeyDown={[Function]}
          onKeyUp={[Function]}
          onMouseDown={[Function]}
          onMouseLeave={[Function]}
          onMouseUp={[Function]}
          onTouchEnd={[Function]}
          onTouchMove={[Function]}
          onTouchStart={[Function]}
          tabIndex={0}
          type="button"
        >
          <span
            className="MuiButton-label"
          >
            Enviar
          </span>
        </button>
      </div>
    </div>
  </div>
</form>
`;
