// Jest Snapshot v1, https://goo.gl/fbAQLP

exports[`Footer should match 1`] = `
<footer
  className="footer-container"
>
  <div
    className="separator-small-footer"
  />
  <a
    className="footer-link-logo"
    href="/"
    onClick={[Function]}
  >
    <img
      alt="The Great Read Logo"
      className="image-logo"
      src="https://trello-attachments.s3.amazonaws.com/5f4d74b3457c4e749f4bfea6/847x748/f0abc621274604fc9ce77e7079853efb/GreatRead.png"
    />
  </a>
  <div
    className="footer-info"
  >
    <p
      className="copyright"
    >
      2020 © The Great Read, S.L. - Vanesa Gómez Cucchiararo
    </p>
  </div>
</footer>
`;
