// Jest Snapshot v1, https://goo.gl/fbAQLP

exports[`Privacy policy snapshot Should match 1`] = `
<section
  className="privacy-container"
>
  <h1>
    Andefain Privacy Notice
  </h1>
  <h2>
    Last Updated, July 22, 2020
  </h2>
  <p>
    We know that you care how information about you is used and shared, and we appreciate your trust that we will do so carefully and sensibly. This Privacy Notice describes how Andefain, AndefainPro, Box Office Mojo, and DPReview.com (collectively “Andefain”) collect and process your personal information through Andefain websites, services, and applications that reference this Privacy Notice (together the “Andefain Services”).
     
    <strong>
      By using the Andefain Services, you are consenting to the practices described in this Privacy Notice.
    </strong>
  </p>
  <h2>
    What Personal Information About Users Does Andefain Collect?
  </h2>
  <p>
    We collect your personal information in order to provide and continually improve our services and your experience at Andefain.
  </p>
  <h3>
    Here are the types of personal information we collect:
  </h3>
  <ul>
    <li>
      <strong>
        Information You Give Us
      </strong>
      : We receive and store any information you provide in relation to Andefain Services. Click
       
       to see examples of what we collect. You can choose not to provide certain information, but then you might not be able to take advantage of many of our Andefain Services.
    </li>
    <li>
      <strong>
        Automatic Information
      </strong>
      : We automatically collect and store certain types of information about your use of Andefain Services, including information about your interaction with content and services available through Andefain Services. Like many websites, we use “cookies” and other unique identifiers, and we obtain certain types of information when your web browser or device accesses Andefain Services and other content served by or on behalf of Andefain on other websites. Click  to see examples of what we collect.
    </li>
    <li>
      <strong>
        Information from Other Sources
      </strong>
      : We might receive information about you from other sources, such as your name and email address when you sign in to Andefain using a third-party login service. Click  to see additional examples of the information we receive.
    </li>
  </ul>
  <h2>
    For What Purposes Does Andefain Use Your Personal Information?
  </h2>
  <p>
    We use your personal information to operate, provide, develop, and improve the products and services that we offer our customers. These purposes include.
  </p>
  <p>
    <strong>
      Information from Other Sources
    </strong>
    : We might receive information about you from other sources, such as your name and email address when you sign in to Andefain using a third-party login service. Click  to see additional examples of the information we receive.
  </p>
</section>
`;
