// Jest Snapshot v1, https://goo.gl/fbAQLP

exports[`Header snapshot should match 1`] = `
<section
  className="main-nav"
>
  <div
    className="hamburger"
  >
    <a
      className="icon__hamburger"
      href="/"
      onClick={[Function]}
    />
    <ul
      className="hamburger__products"
    >
      <a
        className="novels"
        href="/cocina"
        onClick={[Function]}
        onclick={[Function]}
      >
        Cocina
      </a>
      <a
        className="childish"
        href="/ensayo"
        onClick={[Function]}
        onclick={[Function]}
      >
        Ensayo
      </a>
      <a
        className="childish"
        href="/historia"
        onClick={[Function]}
        onclick={[Function]}
      >
        Historia
      </a>
      <a
        className="childish"
        href="/infantil"
        onClick={[Function]}
        onclick={[Function]}
      >
        Infantil
      </a>
      <a
        className="childish"
        href="/romantico"
        onClick={[Function]}
        onclick={[Function]}
      >
        Romántico
      </a>
      <a
        className="childish"
        href="/thriller"
        onClick={[Function]}
        onclick={[Function]}
      >
        Thriller
      </a>
      <a
        className="childish"
        href="/todos"
        onClick={[Function]}
        onclick={[Function]}
      >
        TODOS
      </a>
    </ul>
  </div>
  <a
    className="icon__logo"
    href="/"
    onClick={[Function]}
  />
  <div
    className="main-nav-text"
  >
    <a
      href="/"
      onClick={[Function]}
    >
      INICIO
    </a>
    <a
      href="/sobre-nosotros"
      onClick={[Function]}
    >
      SOBRE NOSOTROS
    </a>
    <div
      className="categories"
    >
      <a
        href=""
        onClick={[Function]}
      >
        GÉNEROS
      </a>
      <ul
        className="menu__products"
      >
        <a
          className="novels"
          href="/cocina"
          onClick={[Function]}
          onclick={[Function]}
        >
          Cocina
        </a>
        <a
          className="childish"
          href="/ensayo"
          onClick={[Function]}
          onclick={[Function]}
        >
          Ensayo
        </a>
        <a
          className="childish"
          href="/historia"
          onClick={[Function]}
          onclick={[Function]}
        >
          Historia
        </a>
        <a
          className="childish"
          href="/infantil"
          onClick={[Function]}
          onclick={[Function]}
        >
          Infantil
        </a>
        <a
          className="childish"
          href="/romantico"
          onClick={[Function]}
          onclick={[Function]}
        >
          Romántico
        </a>
        <a
          className="childish"
          href="/thriller"
          onClick={[Function]}
          onclick={[Function]}
        >
          Thriller
        </a>
        <a
          className="childish"
          href="/todos"
          onClick={[Function]}
          onclick={[Function]}
        >
          TODOS
        </a>
      </ul>
    </div>
    <a
      href="https://github.com/simonbesteiro/fenizia"
    >
      CONTACTO
    </a>
  </div>
  <a
    className="icon__search"
    href=""
    onClick={[Function]}
  />
  <a
    className="icon__login"
    href="/login"
    onClick={[Function]}
  />
  <a
    className="icon__bag"
    href="/cart"
    onClick={[Function]}
  >
    <div
      className="icon__number"
    >
      0
    </div>
  </a>
</section>
`;
