// Jest Snapshot v1, https://goo.gl/fbAQLP

exports[`About us snapshot Should match 1`] = `
<section
  className="about-container"
>
  <h2>
    Brand Guideline
  </h2>
  <p>
    The Andefain Brand Guideline is comprised of a set of corporate brand rules and regulations that details the usage of corporate brand assets (i.e. the Andefain corporate logo and designs that represent the Andefain group). It should be noted that the Andefain group here implies both Andefain Inc. and its subsidiary companies.
  </p>
  <p>
    Do not release designs that have not been approved by the Andefain group. or create any unauthorized brand assets. It is necessary to confirm the compliance status of all design deliverables. In this case, please check with the person in charge you were contacting for details of the confirmation process.
  </p>
  <p>
    Regarding the use of brand assets, please obtain prior permission and adhere to the rules indicated in the Andefain Brand Guideline. Any violations of the regulations and illegal usage of the Andefain logo or other graphics similar to Andefain’s registered trademark will be subjected to.
  </p>
  <h2>
    Brand Rules
  </h2>
  <p>
    The Andefain Brand Guideline offers a set of important rules describing the treatment of brand assets such as logos, colors and our typeface. By not abiding by the brand rules, potential damage to Andefain’s group image may occur. Therefore, please adhere to the rules properly when creating design deliverables such as websites, mobile applications, posters, TV commercials etc.
  </p>
  <p>
    Regarding the use of brand assets, please obtain prior permission and adhere to the rules indicated in the Andefain Brand Guideline. Any violations of the regulations and illegal usage of the Andefain logo or other graphics similar to Andefain’s registered trademark will be subjected to.
  </p>
  <p>
    Do not release designs that have not been approved by the Andefain group. or create any unauthorized brand assets. It is necessary to confirm the compliance status of all design deliverables. In this case, please check with the person in charge you were contacting for details of the confirmation process.
  </p>
  <h2>
    Art files (For Internal Staff Only)
  </h2>
  <p>
    In this section, you can browse and download logos of Andefain and its subsidiaries’.
  </p>
  <p>
    Regarding the use of brand assets, please obtain prior permission and adhere to the rules indicated in the Andefain Brand Guideline. Any violations of the regulations and illegal usage of the Andefain logo or other graphics similar to Andefain’s registered trademark will be subjected to.
  </p>
  <p>
     · Logos, Templates and Visual Elements (For Internal Staff Only)
  </p>
</section>
`;
