// Jest Snapshot v1, https://goo.gl/fbAQLP

exports[`FullList snapshot should match 1`] = `
<div
  className="paginatedList__container"
>
  <ul>
    <li>
      <a
        href="/hero/1"
        onClick={[Function]}
      >
        1
        :
        A-Bomb
      </a>
    </li>
    <li>
      <a
        href="/hero/2"
        onClick={[Function]}
      >
        2
        :
        Abe Sapien
      </a>
    </li>
    <li>
      <a
        href="/hero/3"
        onClick={[Function]}
      >
        3
        :
        Abin Sur
      </a>
    </li>
    <li>
      <a
        href="/hero/4"
        onClick={[Function]}
      >
        4
        :
        Abomination
      </a>
    </li>
    <li>
      <a
        href="/hero/5"
        onClick={[Function]}
      >
        5
        :
        Abraxas
      </a>
    </li>
    <li>
      <a
        href="/hero/6"
        onClick={[Function]}
      >
        6
        :
        Absorbing Man
      </a>
    </li>
    <li>
      <a
        href="/hero/7"
        onClick={[Function]}
      >
        7
        :
        Adam Monroe
      </a>
    </li>
    <li>
      <a
        href="/hero/8"
        onClick={[Function]}
      >
        8
        :
        Adam Strange
      </a>
    </li>
    <li>
      <a
        href="/hero/10"
        onClick={[Function]}
      >
        10
        :
        Agent Bob
      </a>
    </li>
    <li>
      <a
        href="/hero/11"
        onClick={[Function]}
      >
        11
        :
        Agent Zero
      </a>
    </li>
    <li>
      <a
        href="/hero/12"
        onClick={[Function]}
      >
        12
        :
        Air-Walker
      </a>
    </li>
    <li>
      <a
        href="/hero/13"
        onClick={[Function]}
      >
        13
        :
        Ajax
      </a>
    </li>
    <li>
      <a
        href="/hero/14"
        onClick={[Function]}
      >
        14
        :
        Alan Scott
      </a>
    </li>
    <li>
      <a
        href="/hero/15"
        onClick={[Function]}
      >
        15
        :
        Alex Mercer
      </a>
    </li>
    <li>
      <a
        href="/hero/17"
        onClick={[Function]}
      >
        17
        :
        Alfred Pennyworth
      </a>
    </li>
    <li>
      <a
        href="/hero/18"
        onClick={[Function]}
      >
        18
        :
        Alien
      </a>
    </li>
    <li>
      <a
        href="/hero/20"
        onClick={[Function]}
      >
        20
        :
        Amazo
      </a>
    </li>
    <li>
      <a
        href="/hero/23"
        onClick={[Function]}
      >
        23
        :
        Angel
      </a>
    </li>
    <li>
      <a
        href="/hero/24"
        onClick={[Function]}
      >
        24
        :
        Angel
      </a>
    </li>
    <li>
      <a
        href="/hero/25"
        onClick={[Function]}
      >
        25
        :
        Angel Dust
      </a>
    </li>
    <li>
      <a
        href="/hero/26"
        onClick={[Function]}
      >
        26
        :
        Angel Salvadore
      </a>
    </li>
    <li>
      <a
        href="/hero/28"
        onClick={[Function]}
      >
        28
        :
        Animal Man
      </a>
    </li>
    <li>
      <a
        href="/hero/29"
        onClick={[Function]}
      >
        29
        :
        Annihilus
      </a>
    </li>
    <li>
      <a
        href="/hero/30"
        onClick={[Function]}
      >
        30
        :
        Ant-Man
      </a>
    </li>
    <li>
      <a
        href="/hero/31"
        onClick={[Function]}
      >
        31
        :
        Ant-Man II
      </a>
    </li>
    <li>
      <a
        href="/hero/32"
        onClick={[Function]}
      >
        32
        :
        Anti-Monitor
      </a>
    </li>
    <li>
      <a
        href="/hero/34"
        onClick={[Function]}
      >
        34
        :
        Anti-Venom
      </a>
    </li>
    <li>
      <a
        href="/hero/35"
        onClick={[Function]}
      >
        35
        :
        Apocalypse
      </a>
    </li>
    <li>
      <a
        href="/hero/36"
        onClick={[Function]}
      >
        36
        :
        Aquababy
      </a>
    </li>
    <li>
      <a
        href="/hero/37"
        onClick={[Function]}
      >
        37
        :
        Aqualad
      </a>
    </li>
    <li>
      <a
        href="/hero/38"
        onClick={[Function]}
      >
        38
        :
        Aquaman
      </a>
    </li>
    <li>
      <a
        href="/hero/39"
        onClick={[Function]}
      >
        39
        :
        Arachne
      </a>
    </li>
    <li>
      <a
        href="/hero/40"
        onClick={[Function]}
      >
        40
        :
        Archangel
      </a>
    </li>
    <li>
      <a
        href="/hero/41"
        onClick={[Function]}
      >
        41
        :
        Arclight
      </a>
    </li>
    <li>
      <a
        href="/hero/42"
        onClick={[Function]}
      >
        42
        :
        Ardina
      </a>
    </li>
    <li>
      <a
        href="/hero/43"
        onClick={[Function]}
      >
        43
        :
        Ares
      </a>
    </li>
    <li>
      <a
        href="/hero/44"
        onClick={[Function]}
      >
        44
        :
        Ariel
      </a>
    </li>
    <li>
      <a
        href="/hero/45"
        onClick={[Function]}
      >
        45
        :
        Armor
      </a>
    </li>
    <li>
      <a
        href="/hero/48"
        onClick={[Function]}
      >
        48
        :
        Atlas
      </a>
    </li>
    <li>
      <a
        href="/hero/49"
        onClick={[Function]}
      >
        49
        :
        Atlas
      </a>
    </li>
    <li>
      <a
        href="/hero/52"
        onClick={[Function]}
      >
        52
        :
        Atom Girl
      </a>
    </li>
    <li>
      <a
        href="/hero/53"
        onClick={[Function]}
      >
        53
        :
        Atom II
      </a>
    </li>
    <li>
      <a
        href="/hero/56"
        onClick={[Function]}
      >
        56
        :
        Aurora
      </a>
    </li>
    <li>
      <a
        href="/hero/57"
        onClick={[Function]}
      >
        57
        :
        Azazel
      </a>
    </li>
    <li>
      <a
        href="/hero/58"
        onClick={[Function]}
      >
        58
        :
        Azrael
      </a>
    </li>
    <li>
      <a
        href="/hero/60"
        onClick={[Function]}
      >
        60
        :
        Bane
      </a>
    </li>
    <li>
      <a
        href="/hero/61"
        onClick={[Function]}
      >
        61
        :
        Banshee
      </a>
    </li>
    <li>
      <a
        href="/hero/62"
        onClick={[Function]}
      >
        62
        :
        Bantam
      </a>
    </li>
    <li>
      <a
        href="/hero/63"
        onClick={[Function]}
      >
        63
        :
        Batgirl
      </a>
    </li>
    <li>
      <a
        href="/hero/66"
        onClick={[Function]}
      >
        66
        :
        Batgirl IV
      </a>
    </li>
    <li>
      <a
        href="/hero/68"
        onClick={[Function]}
      >
        68
        :
        Batgirl VI
      </a>
    </li>
    <li>
      <a
        href="/hero/69"
        onClick={[Function]}
      >
        69
        :
        Batman
      </a>
    </li>
    <li>
      <a
        href="/hero/70"
        onClick={[Function]}
      >
        70
        :
        Batman
      </a>
    </li>
    <li>
      <a
        href="/hero/71"
        onClick={[Function]}
      >
        71
        :
        Batman II
      </a>
    </li>
    <li>
      <a
        href="/hero/72"
        onClick={[Function]}
      >
        72
        :
        Battlestar
      </a>
    </li>
    <li>
      <a
        href="/hero/73"
        onClick={[Function]}
      >
        73
        :
        Batwoman V
      </a>
    </li>
    <li>
      <a
        href="/hero/75"
        onClick={[Function]}
      >
        75
        :
        Beast
      </a>
    </li>
    <li>
      <a
        href="/hero/76"
        onClick={[Function]}
      >
        76
        :
        Beast Boy
      </a>
    </li>
    <li>
      <a
        href="/hero/78"
        onClick={[Function]}
      >
        78
        :
        Ben 10
      </a>
    </li>
    <li>
      <a
        href="/hero/79"
        onClick={[Function]}
      >
        79
        :
        Beta Ray Bill
      </a>
    </li>
    <li>
      <a
        href="/hero/80"
        onClick={[Function]}
      >
        80
        :
        Beyonder
      </a>
    </li>
    <li>
      <a
        href="/hero/81"
        onClick={[Function]}
      >
        81
        :
        Big Barda
      </a>
    </li>
    <li>
      <a
        href="/hero/82"
        onClick={[Function]}
      >
        82
        :
        Big Daddy
      </a>
    </li>
    <li>
      <a
        href="/hero/83"
        onClick={[Function]}
      >
        83
        :
        Big Man
      </a>
    </li>
    <li>
      <a
        href="/hero/84"
        onClick={[Function]}
      >
        84
        :
        Bill Harken
      </a>
    </li>
    <li>
      <a
        href="/hero/87"
        onClick={[Function]}
      >
        87
        :
        Bionic Woman
      </a>
    </li>
    <li>
      <a
        href="/hero/88"
        onClick={[Function]}
      >
        88
        :
        Bird-Brain
      </a>
    </li>
    <li>
      <a
        href="/hero/92"
        onClick={[Function]}
      >
        92
        :
        Bishop
      </a>
    </li>
    <li>
      <a
        href="/hero/93"
        onClick={[Function]}
      >
        93
        :
        Bizarro
      </a>
    </li>
    <li>
      <a
        href="/hero/95"
        onClick={[Function]}
      >
        95
        :
        Black Adam
      </a>
    </li>
    <li>
      <a
        href="/hero/96"
        onClick={[Function]}
      >
        96
        :
        Black Bolt
      </a>
    </li>
    <li>
      <a
        href="/hero/97"
        onClick={[Function]}
      >
        97
        :
        Black Canary
      </a>
    </li>
    <li>
      <a
        href="/hero/98"
        onClick={[Function]}
      >
        98
        :
        Black Canary
      </a>
    </li>
    <li>
      <a
        href="/hero/99"
        onClick={[Function]}
      >
        99
        :
        Black Cat
      </a>
    </li>
    <li>
      <a
        href="/hero/100"
        onClick={[Function]}
      >
        100
        :
        Black Flash
      </a>
    </li>
    <li>
      <a
        href="/hero/102"
        onClick={[Function]}
      >
        102
        :
        Black Knight III
      </a>
    </li>
    <li>
      <a
        href="/hero/103"
        onClick={[Function]}
      >
        103
        :
        Black Lightning
      </a>
    </li>
    <li>
      <a
        href="/hero/104"
        onClick={[Function]}
      >
        104
        :
        Black Mamba
      </a>
    </li>
    <li>
      <a
        href="/hero/105"
        onClick={[Function]}
      >
        105
        :
        Black Manta
      </a>
    </li>
    <li>
      <a
        href="/hero/106"
        onClick={[Function]}
      >
        106
        :
        Black Panther
      </a>
    </li>
    <li>
      <a
        href="/hero/107"
        onClick={[Function]}
      >
        107
        :
        Black Widow
      </a>
    </li>
    <li>
      <a
        href="/hero/109"
        onClick={[Function]}
      >
        109
        :
        Blackout
      </a>
    </li>
    <li>
      <a
        href="/hero/110"
        onClick={[Function]}
      >
        110
        :
        Blackwing
      </a>
    </li>
    <li>
      <a
        href="/hero/111"
        onClick={[Function]}
      >
        111
        :
        Blackwulf
      </a>
    </li>
    <li>
      <a
        href="/hero/112"
        onClick={[Function]}
      >
        112
        :
        Blade
      </a>
    </li>
    <li>
      <a
        href="/hero/114"
        onClick={[Function]}
      >
        114
        :
        Bling!
      </a>
    </li>
    <li>
      <a
        href="/hero/115"
        onClick={[Function]}
      >
        115
        :
        Blink
      </a>
    </li>
    <li>
      <a
        href="/hero/118"
        onClick={[Function]}
      >
        118
        :
        Blizzard II
      </a>
    </li>
    <li>
      <a
        href="/hero/119"
        onClick={[Function]}
      >
        119
        :
        Blob
      </a>
    </li>
    <li>
      <a
        href="/hero/120"
        onClick={[Function]}
      >
        120
        :
        Bloodaxe
      </a>
    </li>
    <li>
      <a
        href="/hero/121"
        onClick={[Function]}
      >
        121
        :
        Bloodhawk
      </a>
    </li>
    <li>
      <a
        href="/hero/126"
        onClick={[Function]}
      >
        126
        :
        Blue Beetle III
      </a>
    </li>
    <li>
      <a
        href="/hero/127"
        onClick={[Function]}
      >
        127
        :
        Boba Fett
      </a>
    </li>
    <li>
      <a
        href="/hero/130"
        onClick={[Function]}
      >
        130
        :
        Boom-Boom
      </a>
    </li>
    <li>
      <a
        href="/hero/135"
        onClick={[Function]}
      >
        135
        :
        Box IV
      </a>
    </li>
    <li>
      <a
        href="/hero/136"
        onClick={[Function]}
      >
        136
        :
        Brainiac
      </a>
    </li>
    <li>
      <a
        href="/hero/137"
        onClick={[Function]}
      >
        137
        :
        Brainiac 5
      </a>
    </li>
    <li>
      <a
        href="/hero/139"
        onClick={[Function]}
      >
        139
        :
        Brundlefly
      </a>
    </li>
    <li>
      <a
        href="/hero/140"
        onClick={[Function]}
      >
        140
        :
        Buffy
      </a>
    </li>
    <li>
      <a
        href="/hero/141"
        onClick={[Function]}
      >
        141
        :
        Bullseye
      </a>
    </li>
    <li>
      <a
        href="/hero/142"
        onClick={[Function]}
      >
        142
        :
        Bumblebee
      </a>
    </li>
    <li>
      <a
        href="/hero/144"
        onClick={[Function]}
      >
        144
        :
        Bushido
      </a>
    </li>
    <li>
      <a
        href="/hero/145"
        onClick={[Function]}
      >
        145
        :
        Cable
      </a>
    </li>
    <li>
      <a
        href="/hero/146"
        onClick={[Function]}
      >
        146
        :
        Callisto
      </a>
    </li>
    <li>
      <a
        href="/hero/147"
        onClick={[Function]}
      >
        147
        :
        Cameron Hicks
      </a>
    </li>
    <li>
      <a
        href="/hero/148"
        onClick={[Function]}
      >
        148
        :
        Cannonball
      </a>
    </li>
    <li>
      <a
        href="/hero/149"
        onClick={[Function]}
      >
        149
        :
        Captain America
      </a>
    </li>
    <li>
      <a
        href="/hero/150"
        onClick={[Function]}
      >
        150
        :
        Captain Atom
      </a>
    </li>
    <li>
      <a
        href="/hero/151"
        onClick={[Function]}
      >
        151
        :
        Captain Britain
      </a>
    </li>
    <li>
      <a
        href="/hero/152"
        onClick={[Function]}
      >
        152
        :
        Captain Cold
      </a>
    </li>
    <li>
      <a
        href="/hero/154"
        onClick={[Function]}
      >
        154
        :
        Captain Hindsight
      </a>
    </li>
    <li>
      <a
        href="/hero/156"
        onClick={[Function]}
      >
        156
        :
        Captain Marvel
      </a>
    </li>
    <li>
      <a
        href="/hero/157"
        onClick={[Function]}
      >
        157
        :
        Captain Marvel
      </a>
    </li>
    <li>
      <a
        href="/hero/158"
        onClick={[Function]}
      >
        158
        :
        Captain Marvel II
      </a>
    </li>
    <li>
      <a
        href="/hero/160"
        onClick={[Function]}
      >
        160
        :
        Captain Planet
      </a>
    </li>
    <li>
      <a
        href="/hero/162"
        onClick={[Function]}
      >
        162
        :
        Carnage
      </a>
    </li>
    <li>
      <a
        href="/hero/165"
        onClick={[Function]}
      >
        165
        :
        Catwoman
      </a>
    </li>
    <li>
      <a
        href="/hero/167"
        onClick={[Function]}
      >
        167
        :
        Century
      </a>
    </li>
    <li>
      <a
        href="/hero/169"
        onClick={[Function]}
      >
        169
        :
        Chamber
      </a>
    </li>
    <li>
      <a
        href="/hero/170"
        onClick={[Function]}
      >
        170
        :
        Chameleon
      </a>
    </li>
    <li>
      <a
        href="/hero/171"
        onClick={[Function]}
      >
        171
        :
        Changeling
      </a>
    </li>
    <li>
      <a
        href="/hero/172"
        onClick={[Function]}
      >
        172
        :
        Cheetah
      </a>
    </li>
    <li>
      <a
        href="/hero/174"
        onClick={[Function]}
      >
        174
        :
        Cheetah III
      </a>
    </li>
    <li>
      <a
        href="/hero/176"
        onClick={[Function]}
      >
        176
        :
        Chuck Norris
      </a>
    </li>
    <li>
      <a
        href="/hero/177"
        onClick={[Function]}
      >
        177
        :
        Citizen Steel
      </a>
    </li>
    <li>
      <a
        href="/hero/178"
        onClick={[Function]}
      >
        178
        :
        Claire Bennet
      </a>
    </li>
    <li>
      <a
        href="/hero/180"
        onClick={[Function]}
      >
        180
        :
        Cloak
      </a>
    </li>
    <li>
      <a
        href="/hero/181"
        onClick={[Function]}
      >
        181
        :
        Clock King
      </a>
    </li>
    <li>
      <a
        href="/hero/185"
        onClick={[Function]}
      >
        185
        :
        Colossus
      </a>
    </li>
    <li>
      <a
        href="/hero/186"
        onClick={[Function]}
      >
        186
        :
        Copycat
      </a>
    </li>
    <li>
      <a
        href="/hero/188"
        onClick={[Function]}
      >
        188
        :
        Cottonmouth
      </a>
    </li>
    <li>
      <a
        href="/hero/191"
        onClick={[Function]}
      >
        191
        :
        Crystal
      </a>
    </li>
    <li>
      <a
        href="/hero/194"
        onClick={[Function]}
      >
        194
        :
        Cyborg
      </a>
    </li>
    <li>
      <a
        href="/hero/195"
        onClick={[Function]}
      >
        195
        :
        Cyborg Superman
      </a>
    </li>
    <li>
      <a
        href="/hero/196"
        onClick={[Function]}
      >
        196
        :
        Cyclops
      </a>
    </li>
    <li>
      <a
        href="/hero/198"
        onClick={[Function]}
      >
        198
        :
        Dagger
      </a>
    </li>
    <li>
      <a
        href="/hero/200"
        onClick={[Function]}
      >
        200
        :
        Daphne Powell
      </a>
    </li>
    <li>
      <a
        href="/hero/201"
        onClick={[Function]}
      >
        201
        :
        Daredevil
      </a>
    </li>
    <li>
      <a
        href="/hero/202"
        onClick={[Function]}
      >
        202
        :
        Darkhawk
      </a>
    </li>
    <li>
      <a
        href="/hero/203"
        onClick={[Function]}
      >
        203
        :
        Darkman
      </a>
    </li>
    <li>
      <a
        href="/hero/204"
        onClick={[Function]}
      >
        204
        :
        Darkseid
      </a>
    </li>
    <li>
      <a
        href="/hero/206"
        onClick={[Function]}
      >
        206
        :
        Darkstar
      </a>
    </li>
    <li>
      <a
        href="/hero/207"
        onClick={[Function]}
      >
        207
        :
        Darth Maul
      </a>
    </li>
    <li>
      <a
        href="/hero/208"
        onClick={[Function]}
      >
        208
        :
        Darth Vader
      </a>
    </li>
    <li>
      <a
        href="/hero/209"
        onClick={[Function]}
      >
        209
        :
        Dash
      </a>
    </li>
    <li>
      <a
        href="/hero/210"
        onClick={[Function]}
      >
        210
        :
        Data
      </a>
    </li>
    <li>
      <a
        href="/hero/211"
        onClick={[Function]}
      >
        211
        :
        Dazzler
      </a>
    </li>
    <li>
      <a
        href="/hero/212"
        onClick={[Function]}
      >
        212
        :
        Deadman
      </a>
    </li>
    <li>
      <a
        href="/hero/213"
        onClick={[Function]}
      >
        213
        :
        Deadpool
      </a>
    </li>
    <li>
      <a
        href="/hero/214"
        onClick={[Function]}
      >
        214
        :
        Deadshot
      </a>
    </li>
    <li>
      <a
        href="/hero/215"
        onClick={[Function]}
      >
        215
        :
        Deathlok
      </a>
    </li>
    <li>
      <a
        href="/hero/216"
        onClick={[Function]}
      >
        216
        :
        Deathstroke
      </a>
    </li>
    <li>
      <a
        href="/hero/217"
        onClick={[Function]}
      >
        217
        :
        Demogoblin
      </a>
    </li>
    <li>
      <a
        href="/hero/218"
        onClick={[Function]}
      >
        218
        :
        Destroyer
      </a>
    </li>
    <li>
      <a
        href="/hero/219"
        onClick={[Function]}
      >
        219
        :
        Diamondback
      </a>
    </li>
    <li>
      <a
        href="/hero/220"
        onClick={[Function]}
      >
        220
        :
        DL Hawkins
      </a>
    </li>
    <li>
      <a
        href="/hero/221"
        onClick={[Function]}
      >
        221
        :
        Doc Samson
      </a>
    </li>
    <li>
      <a
        href="/hero/222"
        onClick={[Function]}
      >
        222
        :
        Doctor Doom
      </a>
    </li>
    <li>
      <a
        href="/hero/224"
        onClick={[Function]}
      >
        224
        :
        Doctor Fate
      </a>
    </li>
    <li>
      <a
        href="/hero/225"
        onClick={[Function]}
      >
        225
        :
        Doctor Octopus
      </a>
    </li>
    <li>
      <a
        href="/hero/226"
        onClick={[Function]}
      >
        226
        :
        Doctor Strange
      </a>
    </li>
    <li>
      <a
        href="/hero/227"
        onClick={[Function]}
      >
        227
        :
        Domino
      </a>
    </li>
    <li>
      <a
        href="/hero/228"
        onClick={[Function]}
      >
        228
        :
        Donatello
      </a>
    </li>
    <li>
      <a
        href="/hero/230"
        onClick={[Function]}
      >
        230
        :
        Doomsday
      </a>
    </li>
    <li>
      <a
        href="/hero/231"
        onClick={[Function]}
      >
        231
        :
        Doppelganger
      </a>
    </li>
    <li>
      <a
        href="/hero/232"
        onClick={[Function]}
      >
        232
        :
        Dormammu
      </a>
    </li>
    <li>
      <a
        href="/hero/233"
        onClick={[Function]}
      >
        233
        :
        Dr Manhattan
      </a>
    </li>
    <li>
      <a
        href="/hero/234"
        onClick={[Function]}
      >
        234
        :
        Drax the Destroyer
      </a>
    </li>
    <li>
      <a
        href="/hero/235"
        onClick={[Function]}
      >
        235
        :
        Ego
      </a>
    </li>
    <li>
      <a
        href="/hero/236"
        onClick={[Function]}
      >
        236
        :
        Elastigirl
      </a>
    </li>
    <li>
      <a
        href="/hero/237"
        onClick={[Function]}
      >
        237
        :
        Electro
      </a>
    </li>
    <li>
      <a
        href="/hero/238"
        onClick={[Function]}
      >
        238
        :
        Elektra
      </a>
    </li>
    <li>
      <a
        href="/hero/239"
        onClick={[Function]}
      >
        239
        :
        Elle Bishop
      </a>
    </li>
    <li>
      <a
        href="/hero/240"
        onClick={[Function]}
      >
        240
        :
        Elongated Man
      </a>
    </li>
    <li>
      <a
        href="/hero/241"
        onClick={[Function]}
      >
        241
        :
        Emma Frost
      </a>
    </li>
    <li>
      <a
        href="/hero/242"
        onClick={[Function]}
      >
        242
        :
        Enchantress
      </a>
    </li>
    <li>
      <a
        href="/hero/245"
        onClick={[Function]}
      >
        245
        :
        Ethan Hunt
      </a>
    </li>
    <li>
      <a
        href="/hero/246"
        onClick={[Function]}
      >
        246
        :
        Etrigan
      </a>
    </li>
    <li>
      <a
        href="/hero/247"
        onClick={[Function]}
      >
        247
        :
        Evil Deadpool
      </a>
    </li>
    <li>
      <a
        href="/hero/248"
        onClick={[Function]}
      >
        248
        :
        Evilhawk
      </a>
    </li>
    <li>
      <a
        href="/hero/249"
        onClick={[Function]}
      >
        249
        :
        Exodus
      </a>
    </li>
    <li>
      <a
        href="/hero/251"
        onClick={[Function]}
      >
        251
        :
        Falcon
      </a>
    </li>
    <li>
      <a
        href="/hero/252"
        onClick={[Function]}
      >
        252
        :
        Fallen One II
      </a>
    </li>
    <li>
      <a
        href="/hero/253"
        onClick={[Function]}
      >
        253
        :
        Faora
      </a>
    </li>
    <li>
      <a
        href="/hero/254"
        onClick={[Function]}
      >
        254
        :
        Feral
      </a>
    </li>
    <li>
      <a
        href="/hero/256"
        onClick={[Function]}
      >
        256
        :
        Fin Fang Foom
      </a>
    </li>
    <li>
      <a
        href="/hero/257"
        onClick={[Function]}
      >
        257
        :
        Firebird
      </a>
    </li>
    <li>
      <a
        href="/hero/258"
        onClick={[Function]}
      >
        258
        :
        Firelord
      </a>
    </li>
    <li>
      <a
        href="/hero/259"
        onClick={[Function]}
      >
        259
        :
        Firestar
      </a>
    </li>
    <li>
      <a
        href="/hero/260"
        onClick={[Function]}
      >
        260
        :
        Firestorm
      </a>
    </li>
    <li>
      <a
        href="/hero/261"
        onClick={[Function]}
      >
        261
        :
        Firestorm
      </a>
    </li>
    <li>
      <a
        href="/hero/263"
        onClick={[Function]}
      >
        263
        :
        Flash
      </a>
    </li>
    <li>
      <a
        href="/hero/265"
        onClick={[Function]}
      >
        265
        :
        Flash II
      </a>
    </li>
    <li>
      <a
        href="/hero/266"
        onClick={[Function]}
      >
        266
        :
        Flash III
      </a>
    </li>
    <li>
      <a
        href="/hero/267"
        onClick={[Function]}
      >
        267
        :
        Flash IV
      </a>
    </li>
    <li>
      <a
        href="/hero/268"
        onClick={[Function]}
      >
        268
        :
        Forge
      </a>
    </li>
    <li>
      <a
        href="/hero/269"
        onClick={[Function]}
      >
        269
        :
        Franklin Richards
      </a>
    </li>
    <li>
      <a
        href="/hero/270"
        onClick={[Function]}
      >
        270
        :
        Franklin Storm
      </a>
    </li>
    <li>
      <a
        href="/hero/271"
        onClick={[Function]}
      >
        271
        :
        Frenzy
      </a>
    </li>
    <li>
      <a
        href="/hero/273"
        onClick={[Function]}
      >
        273
        :
        Galactus
      </a>
    </li>
    <li>
      <a
        href="/hero/274"
        onClick={[Function]}
      >
        274
        :
        Gambit
      </a>
    </li>
    <li>
      <a
        href="/hero/275"
        onClick={[Function]}
      >
        275
        :
        Gamora
      </a>
    </li>
    <li>
      <a
        href="/hero/277"
        onClick={[Function]}
      >
        277
        :
        Gary Bell
      </a>
    </li>
    <li>
      <a
        href="/hero/278"
        onClick={[Function]}
      >
        278
        :
        General Zod
      </a>
    </li>
    <li>
      <a
        href="/hero/280"
        onClick={[Function]}
      >
        280
        :
        Ghost Rider
      </a>
    </li>
    <li>
      <a
        href="/hero/284"
        onClick={[Function]}
      >
        284
        :
        Giganta
      </a>
    </li>
    <li>
      <a
        href="/hero/285"
        onClick={[Function]}
      >
        285
        :
        Gladiator
      </a>
    </li>
    <li>
      <a
        href="/hero/286"
        onClick={[Function]}
      >
        286
        :
        Goblin Queen
      </a>
    </li>
    <li>
      <a
        href="/hero/287"
        onClick={[Function]}
      >
        287
        :
        Godzilla
      </a>
    </li>
    <li>
      <a
        href="/hero/288"
        onClick={[Function]}
      >
        288
        :
        Gog
      </a>
    </li>
    <li>
      <a
        href="/hero/289"
        onClick={[Function]}
      >
        289
        :
        Goku
      </a>
    </li>
    <li>
      <a
        href="/hero/294"
        onClick={[Function]}
      >
        294
        :
        Gorilla Grodd
      </a>
    </li>
    <li>
      <a
        href="/hero/296"
        onClick={[Function]}
      >
        296
        :
        Gravity
      </a>
    </li>
    <li>
      <a
        href="/hero/297"
        onClick={[Function]}
      >
        297
        :
        Greedo
      </a>
    </li>
    <li>
      <a
        href="/hero/298"
        onClick={[Function]}
      >
        298
        :
        Green Arrow
      </a>
    </li>
    <li>
      <a
        href="/hero/299"
        onClick={[Function]}
      >
        299
        :
        Green Goblin
      </a>
    </li>
    <li>
      <a
        href="/hero/300"
        onClick={[Function]}
      >
        300
        :
        Green Goblin II
      </a>
    </li>
    <li>
      <a
        href="/hero/303"
        onClick={[Function]}
      >
        303
        :
        Groot
      </a>
    </li>
    <li>
      <a
        href="/hero/305"
        onClick={[Function]}
      >
        305
        :
        Guy Gardner
      </a>
    </li>
    <li>
      <a
        href="/hero/306"
        onClick={[Function]}
      >
        306
        :
        Hal Jordan
      </a>
    </li>
    <li>
      <a
        href="/hero/307"
        onClick={[Function]}
      >
        307
        :
        Han Solo
      </a>
    </li>
    <li>
      <a
        href="/hero/308"
        onClick={[Function]}
      >
        308
        :
        Hancock
      </a>
    </li>
    <li>
      <a
        href="/hero/309"
        onClick={[Function]}
      >
        309
        :
        Harley Quinn
      </a>
    </li>
    <li>
      <a
        href="/hero/310"
        onClick={[Function]}
      >
        310
        :
        Harry Potter
      </a>
    </li>
    <li>
      <a
        href="/hero/311"
        onClick={[Function]}
      >
        311
        :
        Havok
      </a>
    </li>
    <li>
      <a
        href="/hero/312"
        onClick={[Function]}
      >
        312
        :
        Hawk
      </a>
    </li>
    <li>
      <a
        href="/hero/313"
        onClick={[Function]}
      >
        313
        :
        Hawkeye
      </a>
    </li>
    <li>
      <a
        href="/hero/314"
        onClick={[Function]}
      >
        314
        :
        Hawkeye II
      </a>
    </li>
    <li>
      <a
        href="/hero/315"
        onClick={[Function]}
      >
        315
        :
        Hawkgirl
      </a>
    </li>
    <li>
      <a
        href="/hero/320"
        onClick={[Function]}
      >
        320
        :
        Heat Wave
      </a>
    </li>
    <li>
      <a
        href="/hero/321"
        onClick={[Function]}
      >
        321
        :
        Hela
      </a>
    </li>
    <li>
      <a
        href="/hero/322"
        onClick={[Function]}
      >
        322
        :
        Hellboy
      </a>
    </li>
    <li>
      <a
        href="/hero/323"
        onClick={[Function]}
      >
        323
        :
        Hellcat
      </a>
    </li>
    <li>
      <a
        href="/hero/325"
        onClick={[Function]}
      >
        325
        :
        Hercules
      </a>
    </li>
    <li>
      <a
        href="/hero/327"
        onClick={[Function]}
      >
        327
        :
        Hit-Girl
      </a>
    </li>
    <li>
      <a
        href="/hero/330"
        onClick={[Function]}
      >
        330
        :
        Hope Summers
      </a>
    </li>
    <li>
      <a
        href="/hero/332"
        onClick={[Function]}
      >
        332
        :
        Hulk
      </a>
    </li>
    <li>
      <a
        href="/hero/333"
        onClick={[Function]}
      >
        333
        :
        Human Torch
      </a>
    </li>
    <li>
      <a
        href="/hero/334"
        onClick={[Function]}
      >
        334
        :
        Huntress
      </a>
    </li>
    <li>
      <a
        href="/hero/335"
        onClick={[Function]}
      >
        335
        :
        Husk
      </a>
    </li>
    <li>
      <a
        href="/hero/336"
        onClick={[Function]}
      >
        336
        :
        Hybrid
      </a>
    </li>
    <li>
      <a
        href="/hero/337"
        onClick={[Function]}
      >
        337
        :
        Hydro-Man
      </a>
    </li>
    <li>
      <a
        href="/hero/338"
        onClick={[Function]}
      >
        338
        :
        Hyperion
      </a>
    </li>
    <li>
      <a
        href="/hero/339"
        onClick={[Function]}
      >
        339
        :
        Iceman
      </a>
    </li>
    <li>
      <a
        href="/hero/340"
        onClick={[Function]}
      >
        340
        :
        Impulse
      </a>
    </li>
    <li>
      <a
        href="/hero/341"
        onClick={[Function]}
      >
        341
        :
        Indiana Jones
      </a>
    </li>
    <li>
      <a
        href="/hero/342"
        onClick={[Function]}
      >
        342
        :
        Indigo
      </a>
    </li>
    <li>
      <a
        href="/hero/343"
        onClick={[Function]}
      >
        343
        :
        Ink
      </a>
    </li>
    <li>
      <a
        href="/hero/344"
        onClick={[Function]}
      >
        344
        :
        Invisible Woman
      </a>
    </li>
    <li>
      <a
        href="/hero/345"
        onClick={[Function]}
      >
        345
        :
        Iron Fist
      </a>
    </li>
    <li>
      <a
        href="/hero/346"
        onClick={[Function]}
      >
        346
        :
        Iron Man
      </a>
    </li>
    <li>
      <a
        href="/hero/347"
        onClick={[Function]}
      >
        347
        :
        Iron Monger
      </a>
    </li>
    <li>
      <a
        href="/hero/348"
        onClick={[Function]}
      >
        348
        :
        Isis
      </a>
    </li>
    <li>
      <a
        href="/hero/350"
        onClick={[Function]}
      >
        350
        :
        Jack of Hearts
      </a>
    </li>
    <li>
      <a
        href="/hero/351"
        onClick={[Function]}
      >
        351
        :
        Jack-Jack
      </a>
    </li>
    <li>
      <a
        href="/hero/352"
        onClick={[Function]}
      >
        352
        :
        James Bond
      </a>
    </li>
    <li>
      <a
        href="/hero/353"
        onClick={[Function]}
      >
        353
        :
        James T. Kirk
      </a>
    </li>
    <li>
      <a
        href="/hero/354"
        onClick={[Function]}
      >
        354
        :
        Jar Jar Binks
      </a>
    </li>
    <li>
      <a
        href="/hero/355"
        onClick={[Function]}
      >
        355
        :
        Jason Bourne
      </a>
    </li>
    <li>
      <a
        href="/hero/356"
        onClick={[Function]}
      >
        356
        :
        Jean Grey
      </a>
    </li>
    <li>
      <a
        href="/hero/357"
        onClick={[Function]}
      >
        357
        :
        Jean-Luc Picard
      </a>
    </li>
    <li>
      <a
        href="/hero/358"
        onClick={[Function]}
      >
        358
        :
        Jennifer Kale
      </a>
    </li>
    <li>
      <a
        href="/hero/360"
        onClick={[Function]}
      >
        360
        :
        Jessica Cruz
      </a>
    </li>
    <li>
      <a
        href="/hero/361"
        onClick={[Function]}
      >
        361
        :
        Jessica Jones
      </a>
    </li>
    <li>
      <a
        href="/hero/364"
        onClick={[Function]}
      >
        364
        :
        Jim Powell
      </a>
    </li>
    <li>
      <a
        href="/hero/365"
        onClick={[Function]}
      >
        365
        :
        JJ Powell
      </a>
    </li>
    <li>
      <a
        href="/hero/367"
        onClick={[Function]}
      >
        367
        :
        John Constantine
      </a>
    </li>
    <li>
      <a
        href="/hero/369"
        onClick={[Function]}
      >
        369
        :
        John Wraith
      </a>
    </li>
    <li>
      <a
        href="/hero/370"
        onClick={[Function]}
      >
        370
        :
        Joker
      </a>
    </li>
    <li>
      <a
        href="/hero/371"
        onClick={[Function]}
      >
        371
        :
        Jolt
      </a>
    </li>
    <li>
      <a
        href="/hero/372"
        onClick={[Function]}
      >
        372
        :
        Jubilee
      </a>
    </li>
    <li>
      <a
        href="/hero/373"
        onClick={[Function]}
      >
        373
        :
        Judge Dredd
      </a>
    </li>
    <li>
      <a
        href="/hero/374"
        onClick={[Function]}
      >
        374
        :
        Juggernaut
      </a>
    </li>
    <li>
      <a
        href="/hero/375"
        onClick={[Function]}
      >
        375
        :
        Junkpile
      </a>
    </li>
    <li>
      <a
        href="/hero/376"
        onClick={[Function]}
      >
        376
        :
        Justice
      </a>
    </li>
    <li>
      <a
        href="/hero/379"
        onClick={[Function]}
      >
        379
        :
        Kang
      </a>
    </li>
    <li>
      <a
        href="/hero/380"
        onClick={[Function]}
      >
        380
        :
        Kathryn Janeway
      </a>
    </li>
    <li>
      <a
        href="/hero/381"
        onClick={[Function]}
      >
        381
        :
        Katniss Everdeen
      </a>
    </li>
    <li>
      <a
        href="/hero/382"
        onClick={[Function]}
      >
        382
        :
        Kevin 11
      </a>
    </li>
    <li>
      <a
        href="/hero/383"
        onClick={[Function]}
      >
        383
        :
        Kick-Ass
      </a>
    </li>
    <li>
      <a
        href="/hero/384"
        onClick={[Function]}
      >
        384
        :
        Kid Flash
      </a>
    </li>
    <li>
      <a
        href="/hero/386"
        onClick={[Function]}
      >
        386
        :
        Killer Croc
      </a>
    </li>
    <li>
      <a
        href="/hero/387"
        onClick={[Function]}
      >
        387
        :
        Killer Frost
      </a>
    </li>
    <li>
      <a
        href="/hero/388"
        onClick={[Function]}
      >
        388
        :
        Kilowog
      </a>
    </li>
    <li>
      <a
        href="/hero/389"
        onClick={[Function]}
      >
        389
        :
        King Kong
      </a>
    </li>
    <li>
      <a
        href="/hero/390"
        onClick={[Function]}
      >
        390
        :
        King Shark
      </a>
    </li>
    <li>
      <a
        href="/hero/391"
        onClick={[Function]}
      >
        391
        :
        Kingpin
      </a>
    </li>
    <li>
      <a
        href="/hero/392"
        onClick={[Function]}
      >
        392
        :
        Klaw
      </a>
    </li>
    <li>
      <a
        href="/hero/393"
        onClick={[Function]}
      >
        393
        :
        Kool-Aid Man
      </a>
    </li>
    <li>
      <a
        href="/hero/394"
        onClick={[Function]}
      >
        394
        :
        Kraven II
      </a>
    </li>
    <li>
      <a
        href="/hero/395"
        onClick={[Function]}
      >
        395
        :
        Kraven the Hunter
      </a>
    </li>
    <li>
      <a
        href="/hero/396"
        onClick={[Function]}
      >
        396
        :
        Krypto
      </a>
    </li>
    <li>
      <a
        href="/hero/397"
        onClick={[Function]}
      >
        397
        :
        Kyle Rayner
      </a>
    </li>
    <li>
      <a
        href="/hero/398"
        onClick={[Function]}
      >
        398
        :
        Kylo Ren
      </a>
    </li>
    <li>
      <a
        href="/hero/400"
        onClick={[Function]}
      >
        400
        :
        Lady Deathstrike
      </a>
    </li>
    <li>
      <a
        href="/hero/401"
        onClick={[Function]}
      >
        401
        :
        Leader
      </a>
    </li>
    <li>
      <a
        href="/hero/402"
        onClick={[Function]}
      >
        402
        :
        Leech
      </a>
    </li>
    <li>
      <a
        href="/hero/403"
        onClick={[Function]}
      >
        403
        :
        Legion
      </a>
    </li>
    <li>
      <a
        href="/hero/404"
        onClick={[Function]}
      >
        404
        :
        Leonardo
      </a>
    </li>
    <li>
      <a
        href="/hero/405"
        onClick={[Function]}
      >
        405
        :
        Lex Luthor
      </a>
    </li>
    <li>
      <a
        href="/hero/406"
        onClick={[Function]}
      >
        406
        :
        Light Lass
      </a>
    </li>
    <li>
      <a
        href="/hero/407"
        onClick={[Function]}
      >
        407
        :
        Lightning Lad
      </a>
    </li>
    <li>
      <a
        href="/hero/408"
        onClick={[Function]}
      >
        408
        :
        Lightning Lord
      </a>
    </li>
    <li>
      <a
        href="/hero/409"
        onClick={[Function]}
      >
        409
        :
        Living Brain
      </a>
    </li>
    <li>
      <a
        href="/hero/410"
        onClick={[Function]}
      >
        410
        :
        Living Tribunal
      </a>
    </li>
    <li>
      <a
        href="/hero/412"
        onClick={[Function]}
      >
        412
        :
        Lizard
      </a>
    </li>
    <li>
      <a
        href="/hero/413"
        onClick={[Function]}
      >
        413
        :
        Lobo
      </a>
    </li>
    <li>
      <a
        href="/hero/414"
        onClick={[Function]}
      >
        414
        :
        Loki
      </a>
    </li>
    <li>
      <a
        href="/hero/415"
        onClick={[Function]}
      >
        415
        :
        Longshot
      </a>
    </li>
    <li>
      <a
        href="/hero/416"
        onClick={[Function]}
      >
        416
        :
        Luke Cage
      </a>
    </li>
    <li>
      <a
        href="/hero/418"
        onClick={[Function]}
      >
        418
        :
        Luke Skywalker
      </a>
    </li>
    <li>
      <a
        href="/hero/419"
        onClick={[Function]}
      >
        419
        :
        Luna
      </a>
    </li>
    <li>
      <a
        href="/hero/421"
        onClick={[Function]}
      >
        421
        :
        Mach-IV
      </a>
    </li>
    <li>
      <a
        href="/hero/422"
        onClick={[Function]}
      >
        422
        :
        Machine Man
      </a>
    </li>
    <li>
      <a
        href="/hero/423"
        onClick={[Function]}
      >
        423
        :
        Magneto
      </a>
    </li>
    <li>
      <a
        href="/hero/424"
        onClick={[Function]}
      >
        424
        :
        Magog
      </a>
    </li>
    <li>
      <a
        href="/hero/425"
        onClick={[Function]}
      >
        425
        :
        Magus
      </a>
    </li>
    <li>
      <a
        href="/hero/426"
        onClick={[Function]}
      >
        426
        :
        Man of Miracles
      </a>
    </li>
    <li>
      <a
        href="/hero/427"
        onClick={[Function]}
      >
        427
        :
        Man-Bat
      </a>
    </li>
    <li>
      <a
        href="/hero/428"
        onClick={[Function]}
      >
        428
        :
        Man-Thing
      </a>
    </li>
    <li>
      <a
        href="/hero/429"
        onClick={[Function]}
      >
        429
        :
        Man-Wolf
      </a>
    </li>
    <li>
      <a
        href="/hero/430"
        onClick={[Function]}
      >
        430
        :
        Mandarin
      </a>
    </li>
    <li>
      <a
        href="/hero/431"
        onClick={[Function]}
      >
        431
        :
        Mantis
      </a>
    </li>
    <li>
      <a
        href="/hero/432"
        onClick={[Function]}
      >
        432
        :
        Martian Manhunter
      </a>
    </li>
    <li>
      <a
        href="/hero/433"
        onClick={[Function]}
      >
        433
        :
        Marvel Girl
      </a>
    </li>
    <li>
      <a
        href="/hero/435"
        onClick={[Function]}
      >
        435
        :
        Master Chief
      </a>
    </li>
    <li>
      <a
        href="/hero/436"
        onClick={[Function]}
      >
        436
        :
        Match
      </a>
    </li>
    <li>
      <a
        href="/hero/437"
        onClick={[Function]}
      >
        437
        :
        Matt Parkman
      </a>
    </li>
    <li>
      <a
        href="/hero/438"
        onClick={[Function]}
      >
        438
        :
        Maverick
      </a>
    </li>
    <li>
      <a
        href="/hero/439"
        onClick={[Function]}
      >
        439
        :
        Maxima
      </a>
    </li>
    <li>
      <a
        href="/hero/440"
        onClick={[Function]}
      >
        440
        :
        Maya Herrera
      </a>
    </li>
    <li>
      <a
        href="/hero/441"
        onClick={[Function]}
      >
        441
        :
        Medusa
      </a>
    </li>
    <li>
      <a
        href="/hero/442"
        onClick={[Function]}
      >
        442
        :
        Meltdown
      </a>
    </li>
    <li>
      <a
        href="/hero/443"
        onClick={[Function]}
      >
        443
        :
        Mephisto
      </a>
    </li>
    <li>
      <a
        href="/hero/444"
        onClick={[Function]}
      >
        444
        :
        Mera
      </a>
    </li>
    <li>
      <a
        href="/hero/445"
        onClick={[Function]}
      >
        445
        :
        Metallo
      </a>
    </li>
    <li>
      <a
        href="/hero/448"
        onClick={[Function]}
      >
        448
        :
        Metron
      </a>
    </li>
    <li>
      <a
        href="/hero/449"
        onClick={[Function]}
      >
        449
        :
        Micah Sanders
      </a>
    </li>
    <li>
      <a
        href="/hero/450"
        onClick={[Function]}
      >
        450
        :
        Michelangelo
      </a>
    </li>
    <li>
      <a
        href="/hero/451"
        onClick={[Function]}
      >
        451
        :
        Micro Lad
      </a>
    </li>
    <li>
      <a
        href="/hero/452"
        onClick={[Function]}
      >
        452
        :
        Mimic
      </a>
    </li>
    <li>
      <a
        href="/hero/454"
        onClick={[Function]}
      >
        454
        :
        Misfit
      </a>
    </li>
    <li>
      <a
        href="/hero/455"
        onClick={[Function]}
      >
        455
        :
        Miss Martian
      </a>
    </li>
    <li>
      <a
        href="/hero/456"
        onClick={[Function]}
      >
        456
        :
        Mister Fantastic
      </a>
    </li>
    <li>
      <a
        href="/hero/457"
        onClick={[Function]}
      >
        457
        :
        Mister Freeze
      </a>
    </li>
    <li>
      <a
        href="/hero/458"
        onClick={[Function]}
      >
        458
        :
        Mister Knife
      </a>
    </li>
    <li>
      <a
        href="/hero/459"
        onClick={[Function]}
      >
        459
        :
        Mister Mxyzptlk
      </a>
    </li>
    <li>
      <a
        href="/hero/460"
        onClick={[Function]}
      >
        460
        :
        Mister Sinister
      </a>
    </li>
    <li>
      <a
        href="/hero/461"
        onClick={[Function]}
      >
        461
        :
        Mister Zsasz
      </a>
    </li>
    <li>
      <a
        href="/hero/462"
        onClick={[Function]}
      >
        462
        :
        Mockingbird
      </a>
    </li>
    <li>
      <a
        href="/hero/463"
        onClick={[Function]}
      >
        463
        :
        MODOK
      </a>
    </li>
    <li>
      <a
        href="/hero/467"
        onClick={[Function]}
      >
        467
        :
        Molten Man
      </a>
    </li>
    <li>
      <a
        href="/hero/469"
        onClick={[Function]}
      >
        469
        :
        Monica Dawson
      </a>
    </li>
    <li>
      <a
        href="/hero/470"
        onClick={[Function]}
      >
        470
        :
        Moon Knight
      </a>
    </li>
    <li>
      <a
        href="/hero/471"
        onClick={[Function]}
      >
        471
        :
        Moonstone
      </a>
    </li>
    <li>
      <a
        href="/hero/472"
        onClick={[Function]}
      >
        472
        :
        Morlun
      </a>
    </li>
    <li>
      <a
        href="/hero/474"
        onClick={[Function]}
      >
        474
        :
        Moses Magnum
      </a>
    </li>
    <li>
      <a
        href="/hero/475"
        onClick={[Function]}
      >
        475
        :
        Mr Immortal
      </a>
    </li>
    <li>
      <a
        href="/hero/476"
        onClick={[Function]}
      >
        476
        :
        Mr Incredible
      </a>
    </li>
    <li>
      <a
        href="/hero/477"
        onClick={[Function]}
      >
        477
        :
        Ms Marvel II
      </a>
    </li>
    <li>
      <a
        href="/hero/478"
        onClick={[Function]}
      >
        478
        :
        Multiple Man
      </a>
    </li>
    <li>
      <a
        href="/hero/479"
        onClick={[Function]}
      >
        479
        :
        Mysterio
      </a>
    </li>
    <li>
      <a
        href="/hero/480"
        onClick={[Function]}
      >
        480
        :
        Mystique
      </a>
    </li>
    <li>
      <a
        href="/hero/481"
        onClick={[Function]}
      >
        481
        :
        Namor
      </a>
    </li>
    <li>
      <a
        href="/hero/483"
        onClick={[Function]}
      >
        483
        :
        Namora
      </a>
    </li>
    <li>
      <a
        href="/hero/484"
        onClick={[Function]}
      >
        484
        :
        Namorita
      </a>
    </li>
    <li>
      <a
        href="/hero/485"
        onClick={[Function]}
      >
        485
        :
        Naruto Uzumaki
      </a>
    </li>
    <li>
      <a
        href="/hero/487"
        onClick={[Function]}
      >
        487
        :
        Nebula
      </a>
    </li>
    <li>
      <a
        href="/hero/488"
        onClick={[Function]}
      >
        488
        :
        Negasonic Teenage Warhead
      </a>
    </li>
    <li>
      <a
        href="/hero/489"
        onClick={[Function]}
      >
        489
        :
        Nick Fury
      </a>
    </li>
    <li>
      <a
        href="/hero/490"
        onClick={[Function]}
      >
        490
        :
        Nightcrawler
      </a>
    </li>
    <li>
      <a
        href="/hero/491"
        onClick={[Function]}
      >
        491
        :
        Nightwing
      </a>
    </li>
    <li>
      <a
        href="/hero/492"
        onClick={[Function]}
      >
        492
        :
        Niki Sanders
      </a>
    </li>
    <li>
      <a
        href="/hero/493"
        onClick={[Function]}
      >
        493
        :
        Nina Theroux
      </a>
    </li>
    <li>
      <a
        href="/hero/495"
        onClick={[Function]}
      >
        495
        :
        Northstar
      </a>
    </li>
    <li>
      <a
        href="/hero/496"
        onClick={[Function]}
      >
        496
        :
        Nova
      </a>
    </li>
    <li>
      <a
        href="/hero/497"
        onClick={[Function]}
      >
        497
        :
        Nova
      </a>
    </li>
    <li>
      <a
        href="/hero/498"
        onClick={[Function]}
      >
        498
        :
        Odin
      </a>
    </li>
    <li>
      <a
        href="/hero/499"
        onClick={[Function]}
      >
        499
        :
        Offspring
      </a>
    </li>
    <li>
      <a
        href="/hero/502"
        onClick={[Function]}
      >
        502
        :
        One Punch Man
      </a>
    </li>
    <li>
      <a
        href="/hero/503"
        onClick={[Function]}
      >
        503
        :
        One-Above-All
      </a>
    </li>
    <li>
      <a
        href="/hero/504"
        onClick={[Function]}
      >
        504
        :
        Onslaught
      </a>
    </li>
    <li>
      <a
        href="/hero/505"
        onClick={[Function]}
      >
        505
        :
        Oracle
      </a>
    </li>
    <li>
      <a
        href="/hero/506"
        onClick={[Function]}
      >
        506
        :
        Osiris
      </a>
    </li>
    <li>
      <a
        href="/hero/508"
        onClick={[Function]}
      >
        508
        :
        Ozymandias
      </a>
    </li>
    <li>
      <a
        href="/hero/509"
        onClick={[Function]}
      >
        509
        :
        Parademon
      </a>
    </li>
    <li>
      <a
        href="/hero/510"
        onClick={[Function]}
      >
        510
        :
        Paul Blart
      </a>
    </li>
    <li>
      <a
        href="/hero/514"
        onClick={[Function]}
      >
        514
        :
        Penguin
      </a>
    </li>
    <li>
      <a
        href="/hero/516"
        onClick={[Function]}
      >
        516
        :
        Phantom Girl
      </a>
    </li>
    <li>
      <a
        href="/hero/517"
        onClick={[Function]}
      >
        517
        :
        Phoenix
      </a>
    </li>
    <li>
      <a
        href="/hero/518"
        onClick={[Function]}
      >
        518
        :
        Plantman
      </a>
    </li>
    <li>
      <a
        href="/hero/520"
        onClick={[Function]}
      >
        520
        :
        Plastic Man
      </a>
    </li>
    <li>
      <a
        href="/hero/521"
        onClick={[Function]}
      >
        521
        :
        Plastique
      </a>
    </li>
    <li>
      <a
        href="/hero/522"
        onClick={[Function]}
      >
        522
        :
        Poison Ivy
      </a>
    </li>
    <li>
      <a
        href="/hero/523"
        onClick={[Function]}
      >
        523
        :
        Polaris
      </a>
    </li>
    <li>
      <a
        href="/hero/524"
        onClick={[Function]}
      >
        524
        :
        Power Girl
      </a>
    </li>
    <li>
      <a
        href="/hero/526"
        onClick={[Function]}
      >
        526
        :
        Predator
      </a>
    </li>
    <li>
      <a
        href="/hero/527"
        onClick={[Function]}
      >
        527
        :
        Professor X
      </a>
    </li>
    <li>
      <a
        href="/hero/528"
        onClick={[Function]}
      >
        528
        :
        Professor Zoom
      </a>
    </li>
    <li>
      <a
        href="/hero/529"
        onClick={[Function]}
      >
        529
        :
        Psylocke
      </a>
    </li>
    <li>
      <a
        href="/hero/530"
        onClick={[Function]}
      >
        530
        :
        Punisher
      </a>
    </li>
    <li>
      <a
        href="/hero/531"
        onClick={[Function]}
      >
        531
        :
        Purple Man
      </a>
    </li>
    <li>
      <a
        href="/hero/532"
        onClick={[Function]}
      >
        532
        :
        Pyro
      </a>
    </li>
    <li>
      <a
        href="/hero/533"
        onClick={[Function]}
      >
        533
        :
        Q
      </a>
    </li>
    <li>
      <a
        href="/hero/535"
        onClick={[Function]}
      >
        535
        :
        Question
      </a>
    </li>
    <li>
      <a
        href="/hero/536"
        onClick={[Function]}
      >
        536
        :
        Quicksilver
      </a>
    </li>
    <li>
      <a
        href="/hero/537"
        onClick={[Function]}
      >
        537
        :
        Quill
      </a>
    </li>
    <li>
      <a
        href="/hero/538"
        onClick={[Function]}
      >
        538
        :
        Ra's Al Ghul
      </a>
    </li>
    <li>
      <a
        href="/hero/539"
        onClick={[Function]}
      >
        539
        :
        Rachel Pirzad
      </a>
    </li>
    <li>
      <a
        href="/hero/540"
        onClick={[Function]}
      >
        540
        :
        Rambo
      </a>
    </li>
    <li>
      <a
        href="/hero/541"
        onClick={[Function]}
      >
        541
        :
        Raphael
      </a>
    </li>
    <li>
      <a
        href="/hero/542"
        onClick={[Function]}
      >
        542
        :
        Raven
      </a>
    </li>
    <li>
      <a
        href="/hero/543"
        onClick={[Function]}
      >
        543
        :
        Ray
      </a>
    </li>
    <li>
      <a
        href="/hero/545"
        onClick={[Function]}
      >
        545
        :
        Red Arrow
      </a>
    </li>
    <li>
      <a
        href="/hero/546"
        onClick={[Function]}
      >
        546
        :
        Red Hood
      </a>
    </li>
    <li>
      <a
        href="/hero/547"
        onClick={[Function]}
      >
        547
        :
        Red Hulk
      </a>
    </li>
    <li>
      <a
        href="/hero/548"
        onClick={[Function]}
      >
        548
        :
        Red Mist
      </a>
    </li>
    <li>
      <a
        href="/hero/549"
        onClick={[Function]}
      >
        549
        :
        Red Robin
      </a>
    </li>
    <li>
      <a
        href="/hero/550"
        onClick={[Function]}
      >
        550
        :
        Red Skull
      </a>
    </li>
    <li>
      <a
        href="/hero/551"
        onClick={[Function]}
      >
        551
        :
        Red Tornado
      </a>
    </li>
    <li>
      <a
        href="/hero/555"
        onClick={[Function]}
      >
        555
        :
        Rey
      </a>
    </li>
    <li>
      <a
        href="/hero/556"
        onClick={[Function]}
      >
        556
        :
        Rhino
      </a>
    </li>
    <li>
      <a
        href="/hero/557"
        onClick={[Function]}
      >
        557
        :
        Rick Flag
      </a>
    </li>
    <li>
      <a
        href="/hero/558"
        onClick={[Function]}
      >
        558
        :
        Riddler
      </a>
    </li>
    <li>
      <a
        href="/hero/559"
        onClick={[Function]}
      >
        559
        :
        Rip Hunter
      </a>
    </li>
    <li>
      <a
        href="/hero/561"
        onClick={[Function]}
      >
        561
        :
        Robin
      </a>
    </li>
    <li>
      <a
        href="/hero/562"
        onClick={[Function]}
      >
        562
        :
        Robin II
      </a>
    </li>
    <li>
      <a
        href="/hero/563"
        onClick={[Function]}
      >
        563
        :
        Robin III
      </a>
    </li>
    <li>
      <a
        href="/hero/564"
        onClick={[Function]}
      >
        564
        :
        Robin V
      </a>
    </li>
    <li>
      <a
        href="/hero/565"
        onClick={[Function]}
      >
        565
        :
        Robin VI
      </a>
    </li>
    <li>
      <a
        href="/hero/566"
        onClick={[Function]}
      >
        566
        :
        Rocket Raccoon
      </a>
    </li>
    <li>
      <a
        href="/hero/567"
        onClick={[Function]}
      >
        567
        :
        Rogue
      </a>
    </li>
    <li>
      <a
        href="/hero/568"
        onClick={[Function]}
      >
        568
        :
        Ronin
      </a>
    </li>
    <li>
      <a
        href="/hero/569"
        onClick={[Function]}
      >
        569
        :
        Rorschach
      </a>
    </li>
    <li>
      <a
        href="/hero/570"
        onClick={[Function]}
      >
        570
        :
        Sabretooth
      </a>
    </li>
    <li>
      <a
        href="/hero/571"
        onClick={[Function]}
      >
        571
        :
        Sage
      </a>
    </li>
    <li>
      <a
        href="/hero/572"
        onClick={[Function]}
      >
        572
        :
        Sandman
      </a>
    </li>
    <li>
      <a
        href="/hero/573"
        onClick={[Function]}
      >
        573
        :
        Sasquatch
      </a>
    </li>
    <li>
      <a
        href="/hero/574"
        onClick={[Function]}
      >
        574
        :
        Sauron
      </a>
    </li>
    <li>
      <a
        href="/hero/575"
        onClick={[Function]}
      >
        575
        :
        Savage Dragon
      </a>
    </li>
    <li>
      <a
        href="/hero/576"
        onClick={[Function]}
      >
        576
        :
        Scarecrow
      </a>
    </li>
    <li>
      <a
        href="/hero/577"
        onClick={[Function]}
      >
        577
        :
        Scarlet Spider
      </a>
    </li>
    <li>
      <a
        href="/hero/578"
        onClick={[Function]}
      >
        578
        :
        Scarlet Spider II
      </a>
    </li>
    <li>
      <a
        href="/hero/579"
        onClick={[Function]}
      >
        579
        :
        Scarlet Witch
      </a>
    </li>
    <li>
      <a
        href="/hero/580"
        onClick={[Function]}
      >
        580
        :
        Scorpia
      </a>
    </li>
    <li>
      <a
        href="/hero/581"
        onClick={[Function]}
      >
        581
        :
        Scorpion
      </a>
    </li>
    <li>
      <a
        href="/hero/582"
        onClick={[Function]}
      >
        582
        :
        Sebastian Shaw
      </a>
    </li>
    <li>
      <a
        href="/hero/583"
        onClick={[Function]}
      >
        583
        :
        Sentry
      </a>
    </li>
    <li>
      <a
        href="/hero/584"
        onClick={[Function]}
      >
        584
        :
        Shadow King
      </a>
    </li>
    <li>
      <a
        href="/hero/585"
        onClick={[Function]}
      >
        585
        :
        Shadow Lass
      </a>
    </li>
    <li>
      <a
        href="/hero/586"
        onClick={[Function]}
      >
        586
        :
        Shadowcat
      </a>
    </li>
    <li>
      <a
        href="/hero/587"
        onClick={[Function]}
      >
        587
        :
        Shang-Chi
      </a>
    </li>
    <li>
      <a
        href="/hero/588"
        onClick={[Function]}
      >
        588
        :
        Shatterstar
      </a>
    </li>
    <li>
      <a
        href="/hero/589"
        onClick={[Function]}
      >
        589
        :
        She-Hulk
      </a>
    </li>
    <li>
      <a
        href="/hero/590"
        onClick={[Function]}
      >
        590
        :
        She-Thing
      </a>
    </li>
    <li>
      <a
        href="/hero/591"
        onClick={[Function]}
      >
        591
        :
        Shocker
      </a>
    </li>
    <li>
      <a
        href="/hero/592"
        onClick={[Function]}
      >
        592
        :
        Shriek
      </a>
    </li>
    <li>
      <a
        href="/hero/594"
        onClick={[Function]}
      >
        594
        :
        Sif
      </a>
    </li>
    <li>
      <a
        href="/hero/595"
        onClick={[Function]}
      >
        595
        :
        Silk
      </a>
    </li>
    <li>
      <a
        href="/hero/598"
        onClick={[Function]}
      >
        598
        :
        Silver Surfer
      </a>
    </li>
    <li>
      <a
        href="/hero/599"
        onClick={[Function]}
      >
        599
        :
        Silverclaw
      </a>
    </li>
    <li>
      <a
        href="/hero/600"
        onClick={[Function]}
      >
        600
        :
        Simon Baz
      </a>
    </li>
    <li>
      <a
        href="/hero/601"
        onClick={[Function]}
      >
        601
        :
        Sinestro
      </a>
    </li>
    <li>
      <a
        href="/hero/602"
        onClick={[Function]}
      >
        602
        :
        Siren
      </a>
    </li>
    <li>
      <a
        href="/hero/604"
        onClick={[Function]}
      >
        604
        :
        Siryn
      </a>
    </li>
    <li>
      <a
        href="/hero/605"
        onClick={[Function]}
      >
        605
        :
        Skaar
      </a>
    </li>
    <li>
      <a
        href="/hero/607"
        onClick={[Function]}
      >
        607
        :
        Snowbird
      </a>
    </li>
    <li>
      <a
        href="/hero/608"
        onClick={[Function]}
      >
        608
        :
        Sobek
      </a>
    </li>
    <li>
      <a
        href="/hero/609"
        onClick={[Function]}
      >
        609
        :
        Solomon Grundy
      </a>
    </li>
    <li>
      <a
        href="/hero/610"
        onClick={[Function]}
      >
        610
        :
        Songbird
      </a>
    </li>
    <li>
      <a
        href="/hero/611"
        onClick={[Function]}
      >
        611
        :
        Space Ghost
      </a>
    </li>
    <li>
      <a
        href="/hero/612"
        onClick={[Function]}
      >
        612
        :
        Spawn
      </a>
    </li>
    <li>
      <a
        href="/hero/613"
        onClick={[Function]}
      >
        613
        :
        Spectre
      </a>
    </li>
    <li>
      <a
        href="/hero/615"
        onClick={[Function]}
      >
        615
        :
        Speedy
      </a>
    </li>
    <li>
      <a
        href="/hero/618"
        onClick={[Function]}
      >
        618
        :
        Spider-Girl
      </a>
    </li>
    <li>
      <a
        href="/hero/619"
        onClick={[Function]}
      >
        619
        :
        Spider-Gwen
      </a>
    </li>
    <li>
      <a
        href="/hero/620"
        onClick={[Function]}
      >
        620
        :
        Spider-Man
      </a>
    </li>
    <li>
      <a
        href="/hero/623"
        onClick={[Function]}
      >
        623
        :
        Spider-Woman
      </a>
    </li>
    <li>
      <a
        href="/hero/625"
        onClick={[Function]}
      >
        625
        :
        Spider-Woman III
      </a>
    </li>
    <li>
      <a
        href="/hero/627"
        onClick={[Function]}
      >
        627
        :
        Spock
      </a>
    </li>
    <li>
      <a
        href="/hero/628"
        onClick={[Function]}
      >
        628
        :
        Spyke
      </a>
    </li>
    <li>
      <a
        href="/hero/630"
        onClick={[Function]}
      >
        630
        :
        Star-Lord
      </a>
    </li>
    <li>
      <a
        href="/hero/631"
        onClick={[Function]}
      >
        631
        :
        Stardust
      </a>
    </li>
    <li>
      <a
        href="/hero/632"
        onClick={[Function]}
      >
        632
        :
        Starfire
      </a>
    </li>
    <li>
      <a
        href="/hero/633"
        onClick={[Function]}
      >
        633
        :
        Stargirl
      </a>
    </li>
    <li>
      <a
        href="/hero/634"
        onClick={[Function]}
      >
        634
        :
        Static
      </a>
    </li>
    <li>
      <a
        href="/hero/635"
        onClick={[Function]}
      >
        635
        :
        Steel
      </a>
    </li>
    <li>
      <a
        href="/hero/636"
        onClick={[Function]}
      >
        636
        :
        Stephanie Powell
      </a>
    </li>
    <li>
      <a
        href="/hero/637"
        onClick={[Function]}
      >
        637
        :
        Steppenwolf
      </a>
    </li>
    <li>
      <a
        href="/hero/638"
        onClick={[Function]}
      >
        638
        :
        Storm
      </a>
    </li>
    <li>
      <a
        href="/hero/639"
        onClick={[Function]}
      >
        639
        :
        Stormtrooper
      </a>
    </li>
    <li>
      <a
        href="/hero/640"
        onClick={[Function]}
      >
        640
        :
        Sunspot
      </a>
    </li>
    <li>
      <a
        href="/hero/641"
        onClick={[Function]}
      >
        641
        :
        Superboy
      </a>
    </li>
    <li>
      <a
        href="/hero/642"
        onClick={[Function]}
      >
        642
        :
        Superboy-Prime
      </a>
    </li>
    <li>
      <a
        href="/hero/643"
        onClick={[Function]}
      >
        643
        :
        Supergirl
      </a>
    </li>
    <li>
      <a
        href="/hero/644"
        onClick={[Function]}
      >
        644
        :
        Superman
      </a>
    </li>
    <li>
      <a
        href="/hero/645"
        onClick={[Function]}
      >
        645
        :
        Swamp Thing
      </a>
    </li>
    <li>
      <a
        href="/hero/646"
        onClick={[Function]}
      >
        646
        :
        Swarm
      </a>
    </li>
    <li>
      <a
        href="/hero/647"
        onClick={[Function]}
      >
        647
        :
        Sylar
      </a>
    </li>
    <li>
      <a
        href="/hero/648"
        onClick={[Function]}
      >
        648
        :
        Synch
      </a>
    </li>
    <li>
      <a
        href="/hero/649"
        onClick={[Function]}
      >
        649
        :
        T-1000
      </a>
    </li>
    <li>
      <a
        href="/hero/650"
        onClick={[Function]}
      >
        650
        :
        T-800
      </a>
    </li>
    <li>
      <a
        href="/hero/651"
        onClick={[Function]}
      >
        651
        :
        T-850
      </a>
    </li>
    <li>
      <a
        href="/hero/652"
        onClick={[Function]}
      >
        652
        :
        T-X
      </a>
    </li>
    <li>
      <a
        href="/hero/653"
        onClick={[Function]}
      >
        653
        :
        Taskmaster
      </a>
    </li>
    <li>
      <a
        href="/hero/654"
        onClick={[Function]}
      >
        654
        :
        Tempest
      </a>
    </li>
    <li>
      <a
        href="/hero/655"
        onClick={[Function]}
      >
        655
        :
        Thanos
      </a>
    </li>
    <li>
      <a
        href="/hero/656"
        onClick={[Function]}
      >
        656
        :
        The Cape
      </a>
    </li>
    <li>
      <a
        href="/hero/657"
        onClick={[Function]}
      >
        657
        :
        The Comedian
      </a>
    </li>
    <li>
      <a
        href="/hero/658"
        onClick={[Function]}
      >
        658
        :
        Thing
      </a>
    </li>
    <li>
      <a
        href="/hero/659"
        onClick={[Function]}
      >
        659
        :
        Thor
      </a>
    </li>
    <li>
      <a
        href="/hero/660"
        onClick={[Function]}
      >
        660
        :
        Thor Girl
      </a>
    </li>
    <li>
      <a
        href="/hero/661"
        onClick={[Function]}
      >
        661
        :
        Thunderbird
      </a>
    </li>
    <li>
      <a
        href="/hero/664"
        onClick={[Function]}
      >
        664
        :
        Thunderstrike
      </a>
    </li>
    <li>
      <a
        href="/hero/665"
        onClick={[Function]}
      >
        665
        :
        Thundra
      </a>
    </li>
    <li>
      <a
        href="/hero/666"
        onClick={[Function]}
      >
        666
        :
        Tiger Shark
      </a>
    </li>
    <li>
      <a
        href="/hero/667"
        onClick={[Function]}
      >
        667
        :
        Tigra
      </a>
    </li>
    <li>
      <a
        href="/hero/668"
        onClick={[Function]}
      >
        668
        :
        Tinkerer
      </a>
    </li>
    <li>
      <a
        href="/hero/670"
        onClick={[Function]}
      >
        670
        :
        Toad
      </a>
    </li>
    <li>
      <a
        href="/hero/671"
        onClick={[Function]}
      >
        671
        :
        Toxin
      </a>
    </li>
    <li>
      <a
        href="/hero/672"
        onClick={[Function]}
      >
        672
        :
        Toxin
      </a>
    </li>
    <li>
      <a
        href="/hero/676"
        onClick={[Function]}
      >
        676
        :
        Triplicate Girl
      </a>
    </li>
    <li>
      <a
        href="/hero/677"
        onClick={[Function]}
      >
        677
        :
        Triton
      </a>
    </li>
    <li>
      <a
        href="/hero/678"
        onClick={[Function]}
      >
        678
        :
        Two-Face
      </a>
    </li>
    <li>
      <a
        href="/hero/679"
        onClick={[Function]}
      >
        679
        :
        Ultragirl
      </a>
    </li>
    <li>
      <a
        href="/hero/680"
        onClick={[Function]}
      >
        680
        :
        Ultron
      </a>
    </li>
    <li>
      <a
        href="/hero/681"
        onClick={[Function]}
      >
        681
        :
        Utgard-Loki
      </a>
    </li>
    <li>
      <a
        href="/hero/685"
        onClick={[Function]}
      >
        685
        :
        Vanisher
      </a>
    </li>
    <li>
      <a
        href="/hero/686"
        onClick={[Function]}
      >
        686
        :
        Vegeta
      </a>
    </li>
    <li>
      <a
        href="/hero/687"
        onClick={[Function]}
      >
        687
        :
        Venom
      </a>
    </li>
    <li>
      <a
        href="/hero/688"
        onClick={[Function]}
      >
        688
        :
        Venom II
      </a>
    </li>
    <li>
      <a
        href="/hero/689"
        onClick={[Function]}
      >
        689
        :
        Venom III
      </a>
    </li>
    <li>
      <a
        href="/hero/690"
        onClick={[Function]}
      >
        690
        :
        Venompool
      </a>
    </li>
    <li>
      <a
        href="/hero/692"
        onClick={[Function]}
      >
        692
        :
        Vibe
      </a>
    </li>
    <li>
      <a
        href="/hero/693"
        onClick={[Function]}
      >
        693
        :
        Vindicator
      </a>
    </li>
    <li>
      <a
        href="/hero/696"
        onClick={[Function]}
      >
        696
        :
        Violet Parr
      </a>
    </li>
    <li>
      <a
        href="/hero/697"
        onClick={[Function]}
      >
        697
        :
        Vision
      </a>
    </li>
    <li>
      <a
        href="/hero/699"
        onClick={[Function]}
      >
        699
        :
        Vixen
      </a>
    </li>
    <li>
      <a
        href="/hero/701"
        onClick={[Function]}
      >
        701
        :
        Vulture
      </a>
    </li>
    <li>
      <a
        href="/hero/702"
        onClick={[Function]}
      >
        702
        :
        Walrus
      </a>
    </li>
    <li>
      <a
        href="/hero/703"
        onClick={[Function]}
      >
        703
        :
        War Machine
      </a>
    </li>
    <li>
      <a
        href="/hero/705"
        onClick={[Function]}
      >
        705
        :
        Warlock
      </a>
    </li>
    <li>
      <a
        href="/hero/706"
        onClick={[Function]}
      >
        706
        :
        Warp
      </a>
    </li>
    <li>
      <a
        href="/hero/707"
        onClick={[Function]}
      >
        707
        :
        Warpath
      </a>
    </li>
    <li>
      <a
        href="/hero/708"
        onClick={[Function]}
      >
        708
        :
        Wasp
      </a>
    </li>
    <li>
      <a
        href="/hero/709"
        onClick={[Function]}
      >
        709
        :
        Watcher
      </a>
    </li>
    <li>
      <a
        href="/hero/711"
        onClick={[Function]}
      >
        711
        :
        White Canary
      </a>
    </li>
    <li>
      <a
        href="/hero/713"
        onClick={[Function]}
      >
        713
        :
        Wildfire
      </a>
    </li>
    <li>
      <a
        href="/hero/714"
        onClick={[Function]}
      >
        714
        :
        Winter Soldier
      </a>
    </li>
    <li>
      <a
        href="/hero/716"
        onClick={[Function]}
      >
        716
        :
        Wolfsbane
      </a>
    </li>
    <li>
      <a
        href="/hero/717"
        onClick={[Function]}
      >
        717
        :
        Wolverine
      </a>
    </li>
    <li>
      <a
        href="/hero/718"
        onClick={[Function]}
      >
        718
        :
        Wonder Girl
      </a>
    </li>
    <li>
      <a
        href="/hero/719"
        onClick={[Function]}
      >
        719
        :
        Wonder Man
      </a>
    </li>
    <li>
      <a
        href="/hero/720"
        onClick={[Function]}
      >
        720
        :
        Wonder Woman
      </a>
    </li>
    <li>
      <a
        href="/hero/722"
        onClick={[Function]}
      >
        722
        :
        Wyatt Wingfoot
      </a>
    </li>
    <li>
      <a
        href="/hero/723"
        onClick={[Function]}
      >
        723
        :
        X-23
      </a>
    </li>
    <li>
      <a
        href="/hero/724"
        onClick={[Function]}
      >
        724
        :
        X-Man
      </a>
    </li>
    <li>
      <a
        href="/hero/726"
        onClick={[Function]}
      >
        726
        :
        Yellowjacket
      </a>
    </li>
    <li>
      <a
        href="/hero/727"
        onClick={[Function]}
      >
        727
        :
        Yellowjacket II
      </a>
    </li>
    <li>
      <a
        href="/hero/728"
        onClick={[Function]}
      >
        728
        :
        Ymir
      </a>
    </li>
    <li>
      <a
        href="/hero/729"
        onClick={[Function]}
      >
        729
        :
        Yoda
      </a>
    </li>
    <li>
      <a
        href="/hero/730"
        onClick={[Function]}
      >
        730
        :
        Zatanna
      </a>
    </li>
    <li>
      <a
        href="/hero/731"
        onClick={[Function]}
      >
        731
        :
        Zoom
      </a>
    </li>
  </ul>
</div>
`;
